---
source: crates/mapal-lower/tests/golden.rs
expression: dump
---
flowchart LR
    subgraph f0["fn log"]
        f0o0(("(io, i32)"))
        f0o1(("ret: io"))
        f0o2(("io"))
        f0o3(("i32"))
        f0o4(("(io, i32)"))
        f0o5(("io"))
        f0o0 -- "Proj 0" --> f0o2
        f0o0 -- "Proj 1" --> f0o3
        f0o2 -- "Pair 0/2" --> f0o4
        f0o3 -- "Pair 1/2" --> f0o4
        f0o4 -- "Print" --> f0o5
        f0o5 -- "Output" --> f0o1
    end
    subgraph f1["fn main"]
        f1o0(("io"))
        f1o1(("ret: io"))
        f1o2(("5: i32"))
        f1o3(("(io, i32)"))
        f1o4(("io"))
        f1o0 -- "Pair 0/2" --> f1o3
        f1o2 -- "Pair 1/2" --> f1o3
        f1o3 -- "Call" --> f1o4
        f1o4 -- "Output" --> f1o1
    end
