---
source: crates/flow-backend-cuda/tests/golden_cu.rs
expression: cu
---
// flow-backend-cuda emitted translation unit
// build: nvcc -std=c++17 -fmad=false -arch=sm_89 prog.cu libflow_rt.a -lpthread -ldl -lm -o prog
// DESIGN §4: -fmad=false pins oracle float parity; host -march=native/-mfma forbidden.

#include <cstdint>
#include <cstdio>
#include <cstdlib>
#include <cstddef>
#include <cmath>
#include <cuda_runtime.h>

extern "C" {
void flow_print_i32(int32_t v, bool newline);
void flow_print_i64(int64_t v, bool newline);
void flow_print_u8(uint8_t v, bool newline);
void flow_print_bool(bool v, bool newline);
void flow_print_f32(float v, bool newline);
void flow_print_f64(double v, bool newline);
void flow_print_str(const uint8_t* ptr, size_t len, bool newline);
// Matches the Rust `-> !` (flow-rt/src/lib.rs): lets the compiler drop the
// dead fall-through after host guards. C++11 attribute, legal on an
// extern "C" declaration; host-only, so no device-pass concern.
[[noreturn]] void flow_trap(uint32_t kind);
}

// --- trap flag + CUDA error protocol (DESIGN §3) ---------------------------
static unsigned int* d_trap = nullptr;

// Assert one CUDA API return; on error print to stderr and exit 102 (the
// harness-visible infra-failure class — never an R1 data point).
static void cu_check(cudaError_t err, const char* what) {
    if (err != cudaSuccess) {
        fprintf(stderr, "flow-cuda infra error at %s: %s\n", what, cudaGetErrorString(err));
        exit(102);
    }
}

// Zero the trap flag — once per process, called at main start (H→D, §2 item 3).
static void trap_init() {
    cu_check(cudaMalloc((void**)&d_trap, sizeof(unsigned int)), "cudaMalloc(d_trap)");
    cu_check(cudaMemset(d_trap, 0, sizeof(unsigned int)), "cudaMemset(d_trap)");
}

// Trap-capable launch sites call this after EVERY such kernel launch (#14:
// a provably trap-free kernel takes no trap argument and skips this
// readback): cudaGetLastError
// (exit-102 protocol), then a host-synchronizing D→H read of the flag (the
// memcpy is the sync point); nonzero kind ⇒ flow_trap(kind - 1) on the host
// (exit 101) — the flag stores kind + 1 (0 = quiescent after trap_init's
// memset; 1 = div_zero, 2 = index_oob), decoded here to the flow-rt kinds.
[[maybe_unused]] static void trap_check_after_launch() {
    cu_check(cudaGetLastError(), "kernel launch");
    unsigned int kind = 0;
    cu_check(cudaMemcpy(&kind, d_trap, sizeof(unsigned int), cudaMemcpyDeviceToHost),
             "cudaMemcpy(d_trap)");
    if (kind != 0) {
        flow_trap(kind - 1);
    }
}

static const char str0[] = "c[0]  = ";
static const char str1[] = "c[15] = ";
static const char str2[] = "sum   = ";

struct FlowProd_int32_t_int32_t {
    int32_t f0;
    int32_t f1;
};
static_assert(sizeof(FlowProd_int32_t_int32_t) == 8, "FlowProd_int32_t_int32_t: abi_sizeof drift (plan-smart-arenas)");
struct FlowProd_int32_tp_int32_tp {
    int32_t* f0;
    int32_t* f1;
};
static_assert(sizeof(FlowProd_int32_tp_int32_tp) == 16, "FlowProd_int32_tp_int32_tp: abi_sizeof drift (plan-smart-arenas)");
struct FlowProd_int32_tp_int32_t {
    int32_t* f0;
    int32_t f1;
};
static_assert(sizeof(FlowProd_int32_tp_int32_t) == 16, "FlowProd_int32_tp_int32_t: abi_sizeof drift (plan-smart-arenas)");
struct FlowProd_int32_t_int32_tp {
    int32_t f0;
    int32_t* f1;
};
static_assert(sizeof(FlowProd_int32_t_int32_tp) == 16, "FlowProd_int32_t_int32_tp: abi_sizeof drift (plan-smart-arenas)");

static __host__ __device__ int32_t fn1(FlowProd_int32_t_int32_t in);
static __host__ __device__ int32_t fn2(FlowProd_int32_t_int32_t in);

static __host__ __device__ int32_t fn1(FlowProd_int32_t_int32_t in) {
  FlowProd_int32_t_int32_t o0;
  int32_t o1;
  int32_t o2;
  int32_t o3;
  FlowProd_int32_t_int32_t o4;
  o0 = in;
  o2 = o0.f0;
  o3 = o0.f1;
  o4.f0 = o2;
  o4.f1 = o3;
  o1 = (int32_t)((uint32_t)o4.f0 + (uint32_t)o4.f1);
  return o1;
}
static __host__ __device__ int32_t fn2(FlowProd_int32_t_int32_t in) {
  FlowProd_int32_t_int32_t o0;
  int32_t o1;
  int32_t o2;
  int32_t o3;
  FlowProd_int32_t_int32_t o4;
  o0 = in;
  o2 = o0.f0;
  o3 = o0.f1;
  o4.f0 = o2;
  o4.f1 = o3;
  o1 = (int32_t)((uint32_t)o4.f0 + (uint32_t)o4.f1);
  return o1;
}

__global__ void k0_0(FlowProd_int32_t_int32_t* out, int32_t* a, int32_t* b) {
  unsigned long long i = (unsigned long long)blockIdx.x * blockDim.x + threadIdx.x;
  if (i < 16ULL) {
    out[i].f0 = a[i];
    out[i].f1 = b[i];
  }
}
__global__ void k0_1(int32_t* out, FlowProd_int32_t_int32_t* in) {
  unsigned long long i = (unsigned long long)blockIdx.x * blockDim.x + threadIdx.x;
  if (i < 16ULL) {
    out[i] = fn1(in[i]);
  }
}
__global__ void k0_2(int32_t* result, int32_t* arr, int64_t idx) {
  *result = arr[(unsigned long long)idx];
}
__global__ void k0_4(int32_t* result, int32_t acc0, int32_t* arr) {
  int32_t acc = acc0;
  for (unsigned long long i = 0; i < 16ULL; i++) {
    FlowProd_int32_t_int32_t pair;
    pair.f0 = acc;
    pair.f1 = arr[i];
    acc = fn2(pair);
  }
  *result = acc;
}

static void flow_main();

static void flow_main() {
  int32_t* o2 = nullptr;
  int32_t* o3 = nullptr;
  FlowProd_int32_tp_int32_tp o4;
  int32_t* o5 = nullptr;
  int32_t* o6 = nullptr;
  FlowProd_int32_tp_int32_tp o7;
  FlowProd_int32_t_int32_t* o8 = nullptr;
  int32_t* o9 = nullptr;
  FlowProd_int32_tp_int32_t o12;
  int32_t o13;
  int32_t o14;
  FlowProd_int32_tp_int32_t o18;
  int32_t o19;
  int32_t o20;
  FlowProd_int32_t_int32_tp o24;
  int32_t o25;
  int32_t o26;
  char* arena0 = nullptr;
  int32_t* t2 = nullptr;
  int32_t* t3 = nullptr;
  int32_t* t4 = nullptr;
  cu_check(cudaMalloc((void**)&arena0, 1792ULL), "cudaMalloc(arena0)");
  static const int32_t lit0[16] = { 0, 1, 2, 3, 4, 5, 6, 7, 8, 9, 10, 11, 12, 13, 14, 15 };
  o2 = (int32_t*)(arena0 + 0ULL);
  cu_check(cudaMemcpy(o2, lit0, sizeof(lit0), cudaMemcpyHostToDevice), "cudaMemcpy(literal)");
  static const int32_t lit1[16] = { 100, 100, 100, 100, 100, 100, 100, 100, 100, 100, 100, 100, 100, 100, 100, 100 };
  o3 = (int32_t*)(arena0 + 256ULL);
  cu_check(cudaMemcpy(o3, lit1, sizeof(lit1), cudaMemcpyHostToDevice), "cudaMemcpy(literal)");
  o12.f1 = 0;
  o18.f1 = 15;
  o24.f0 = 0;
  o4.f0 = o2;
  o4.f1 = o3;
  flow_print_str((const uint8_t*)str0, 8, false);
  o5 = o4.f0;
  o6 = o4.f1;
  o7.f0 = o5;
  o7.f1 = o6;
  o8 = (FlowProd_int32_t_int32_t*)(arena0 + 512ULL);
  k0_0<<<(unsigned int)((16ULL + 255ULL) / 256ULL), 256>>>(o8, o5, o6);
  o9 = (int32_t*)(arena0 + 768ULL);
  k0_1<<<(unsigned int)((16ULL + 255ULL) / 256ULL), 256>>>(o9, o8);
  o12.f0 = o9;
  o18.f0 = o9;
  o24.f1 = o9;
  t2 = (int32_t*)(arena0 + 1024ULL);
  k0_2<<<1, 1>>>(t2, o9, (int64_t)0);
  cu_check(cudaMemcpy(&o13, t2, sizeof(int32_t), cudaMemcpyDeviceToHost), "cudaMemcpy(index)");
  t3 = (int32_t*)(arena0 + 1280ULL);
  k0_2<<<1, 1>>>(t3, o9, (int64_t)15);
  cu_check(cudaMemcpy(&o19, t3, sizeof(int32_t), cudaMemcpyDeviceToHost), "cudaMemcpy(index)");
  t4 = (int32_t*)(arena0 + 1536ULL);
  k0_4<<<1, 1>>>(t4, 0, o9);
  cu_check(cudaMemcpy(&o25, t4, sizeof(int32_t), cudaMemcpyDeviceToHost), "cudaMemcpy(fold)");
  o14 = o13;
  o20 = o19;
  o26 = o25;
  flow_print_i32(o14, true);
  flow_print_str((const uint8_t*)str1, 8, false);
  flow_print_i32(o20, true);
  flow_print_str((const uint8_t*)str2, 8, false);
  flow_print_i32(o26, true);
  cu_check(cudaFree(arena0), "cudaFree(arena0)");
  return;
}

int main() {
  trap_init();
  flow_main();
  cu_check(cudaFree(d_trap), "cudaFree(d_trap)");
  return 0;
}
