---
source: crates/backends/llvm/tests/golden_ll.rs
expression: tiled_fn
---
define internal void @task4(i64 %lo, i64 %hi, ptr %frame) {
entry:
  %s0 = alloca [16 x float]
  %s1 = alloca i64
  %s2 = alloca i64
  %s3 = alloca i64
  %s4 = alloca i64
  %o2 = getelementptr %Frame, ptr %frame, i32 0, i32 0
  %o3 = getelementptr %Frame, ptr %frame, i32 0, i32 1
  %o7 = getelementptr %Frame, ptr %frame, i32 0, i32 5
  %t5 = udiv i64 %lo, 16
  %t6 = add i64 %hi, 15
  %t7 = udiv i64 %t6, 16
  store i64 %t5, ptr %s1
  br label %bb8
bb8:
  %t26 = load i64, ptr %s1
  %t27 = icmp uge i64 %t26, %t7
  br i1 %t27, label %bb10, label %bb9
bb9:
  %t28 = mul i64 %t26, 16
  %t29 = sub i64 %lo, %t28
  %t30 = icmp slt i64 %t29, 0
  %t31 = select i1 %t30, i64 0, i64 %t29
  %t32 = sub i64 %hi, %t28
  %t33 = icmp sgt i64 %t32, 16
  %t34 = select i1 %t33, i64 16, i64 %t32
  store i64 %t31, ptr %s2
  br label %bb11
bb11:
  %t35 = load i64, ptr %s2
  %t36 = icmp uge i64 %t35, %t34
  br i1 %t36, label %bb13, label %bb12
bb12:
  %t37 = sub i64 %t34, %t35
  %t38 = icmp ult i64 %t37, 16
  %t39 = select i1 %t38, i64 %t37, i64 16
  store i64 0, ptr %s4
  br label %bb14
bb14:
  %t40 = load i64, ptr %s4
  %t41 = icmp uge i64 %t40, %t39
  br i1 %t41, label %bb16, label %bb15
bb15:
  %t42 = getelementptr [16 x float], ptr %s0, i64 0, i64 %t40
  store float 0x0000000000000000, ptr %t42
  %t43 = add i64 %t40, 1
  store i64 %t43, ptr %s4
  br label %bb14
bb16:
  store i64 0, ptr %s3
  br label %bb17
bb17:
  %t44 = load i64, ptr %s3
  %t45 = icmp uge i64 %t44, 4
  br i1 %t45, label %bb19, label %bb18
bb18:
  %t46 = getelementptr [4 x float], ptr %o2, i64 0, i64 %t44
  %t47 = load float, ptr %t46
  %t48 = add i64 %t44, %t35
  store i64 0, ptr %s4
  br label %bb20
bb20:
  %t49 = load i64, ptr %s4
  %t50 = icmp uge i64 %t49, %t39
  br i1 %t50, label %bb22, label %bb21
bb21:
  %t51 = add i64 %t48, %t49
  %t52 = getelementptr [19 x float], ptr %o3, i64 0, i64 %t51
  %t53 = load float, ptr %t52
  %t54 = fmul float %t47, %t53
  %t55 = getelementptr [16 x float], ptr %s0, i64 0, i64 %t49
  %t56 = load float, ptr %t55
  %t57 = fadd float %t56, %t54
  store float %t57, ptr %t55
  %t58 = add i64 %t49, 1
  store i64 %t58, ptr %s4
  br label %bb20
bb22:
  %t59 = add i64 %t44, 1
  store i64 %t59, ptr %s3
  br label %bb17
bb19:
  %t60 = add i64 %t28, %t35
  store i64 0, ptr %s4
  br label %bb23
bb23:
  %t61 = load i64, ptr %s4
  %t62 = icmp uge i64 %t61, %t39
  br i1 %t62, label %bb25, label %bb24
bb24:
  %t63 = getelementptr [16 x float], ptr %s0, i64 0, i64 %t61
  %t64 = load float, ptr %t63
  %t65 = add i64 %t60, %t61
  %t66 = getelementptr [16 x float], ptr %o7, i64 0, i64 %t65
  store float %t64, ptr %t66
  %t67 = add i64 %t61, 1
  store i64 %t67, ptr %s4
  br label %bb23
bb25:
  %t68 = add i64 %t35, 16
  store i64 %t68, ptr %s2
  br label %bb11
bb13:
  %t69 = add i64 %t26, 1
  store i64 %t69, ptr %s1
  br label %bb8
bb10:
  ret void
}
