---
source: crates/backends/llvm/tests/golden_ll.rs
expression: ll
---
; mapal-backend-llvm emitted module
declare void @mapal_print_i32(i32, i1 zeroext)
declare void @mapal_print_i64(i64, i1 zeroext)
declare void @mapal_print_u8(i8 zeroext, i1 zeroext)
declare void @mapal_print_bool(i1 zeroext, i1 zeroext)
declare void @mapal_print_f32(float, i1 zeroext)
declare void @mapal_print_f64(double, i1 zeroext)
declare void @mapal_print_str(ptr, i64, i1 zeroext)
declare double @mapal_time_ms()
declare void @mapal_trap(i32) noreturn
declare void @llvm.memcpy.p0.p0.i64(ptr, ptr, i64, i1)
declare ptr @mapal_par_begin(i32)
declare void @mapal_par_task(ptr, i32, i32, ptr, i64, i32, i64, i32, i32)
declare void @mapal_par_pin(ptr, i32)
declare void @mapal_par_dep(ptr, i32, i32)
declare void @mapal_par_launch(ptr, ptr)
declare void @mapal_par_wait(ptr, ptr, i32)
declare void @mapal_par_check(ptr, i64)
declare void @mapal_par_trap(i64, i32)
declare void @mapal_par_watermark(i64)
declare void @mapal_par_run_pinned(ptr, i32)
declare void @mapal_par_finish(ptr)

%Frame = type { [64 x i32], [64 x i32], [4 x i32], [16 x i32], { ptr, ptr, ptr, ptr }, [16 x i32], { ptr, i32 }, i32, i32 }

@ckpt0_entries = private unnamed_addr constant [2 x i64] [i64 21474836479, i64 25769803786]

define internal void @task0(i64 %lo, i64 %hi, ptr %frame) {
entry:
  %s0 = alloca i64
  %o2 = getelementptr %Frame, ptr %frame, i32 0, i32 0
  store i64 %lo, ptr %s0
  br label %bb1
bb1:
  %t4 = load i64, ptr %s0
  %t5 = icmp uge i64 %t4, %hi
  br i1 %t5, label %bb3, label %bb2
bb2:
  %t6 = trunc i64 %t4 to i32
  %t7 = getelementptr [64 x i32], ptr %o2, i64 0, i64 %t4
  store i32 %t6, ptr %t7
  %t8 = add i64 %t4, 1
  store i64 %t8, ptr %s0
  br label %bb1
bb3:
  ret void
}

define internal void @task1(i64 %lo, i64 %hi, ptr %frame) {
entry:
  %s0 = alloca i64
  %o3 = getelementptr %Frame, ptr %frame, i32 0, i32 1
  store i64 %lo, ptr %s0
  br label %bb1
bb1:
  %t4 = load i64, ptr %s0
  %t5 = icmp uge i64 %t4, %hi
  br i1 %t5, label %bb3, label %bb2
bb2:
  %t6 = trunc i64 %t4 to i32
  %t7 = getelementptr [64 x i32], ptr %o3, i64 0, i64 %t4
  store i32 %t6, ptr %t7
  %t8 = add i64 %t4, 1
  store i64 %t8, ptr %s0
  br label %bb1
bb3:
  ret void
}

define internal void @task2(i64 %lo, i64 %hi, ptr %frame) {
entry:
  %s0 = alloca i64
  %o4 = getelementptr %Frame, ptr %frame, i32 0, i32 2
  store i64 %lo, ptr %s0
  br label %bb1
bb1:
  %t4 = load i64, ptr %s0
  %t5 = icmp uge i64 %t4, %hi
  br i1 %t5, label %bb3, label %bb2
bb2:
  %t6 = trunc i64 %t4 to i32
  %t7 = getelementptr [4 x i32], ptr %o4, i64 0, i64 %t4
  store i32 %t6, ptr %t7
  %t8 = add i64 %t4, 1
  store i64 %t8, ptr %s0
  br label %bb1
bb3:
  ret void
}

define internal void @task3(i64 %lo, i64 %hi, ptr %frame) {
entry:
  %s0 = alloca i64
  %o5 = getelementptr %Frame, ptr %frame, i32 0, i32 3
  store i64 %lo, ptr %s0
  br label %bb1
bb1:
  %t4 = load i64, ptr %s0
  %t5 = icmp uge i64 %t4, %hi
  br i1 %t5, label %bb3, label %bb2
bb2:
  %t6 = trunc i64 %t4 to i32
  %t7 = getelementptr [16 x i32], ptr %o5, i64 0, i64 %t4
  store i32 %t6, ptr %t7
  %t8 = add i64 %t4, 1
  store i64 %t8, ptr %s0
  br label %bb1
bb3:
  ret void
}

define internal void @task4(i64 %lo, i64 %hi, ptr %frame) {
entry:
  %o8 = getelementptr %Frame, ptr %frame, i32 0, i32 6
  %o7 = getelementptr %Frame, ptr %frame, i32 0, i32 5
  %o9 = getelementptr %Frame, ptr %frame, i32 0, i32 7
  %t0 = getelementptr { ptr, i32 }, ptr %o8, i32 0, i32 1
  store i32 0, ptr %t0
  %t1 = getelementptr { ptr, i32 }, ptr %o8, i32 0, i32 0
  store ptr %o7, ptr %t1
  %t2 = getelementptr { ptr, i32 }, ptr %o8, i32 0, i32 1
  %t3 = load i32, ptr %t2
  %t4 = sext i32 %t3 to i64
  %t5 = getelementptr [16 x i32], ptr %o7, i64 0, i64 %t4
  %t6 = load i32, ptr %t5
  store i32 %t6, ptr %o9
  ret void
}

define internal void @task5(i64 %lo, i64 %hi, ptr %frame) {
entry:
  %o2 = getelementptr %Frame, ptr %frame, i32 0, i32 0
  %o6 = getelementptr %Frame, ptr %frame, i32 0, i32 4
  %o3 = getelementptr %Frame, ptr %frame, i32 0, i32 1
  %o4 = getelementptr %Frame, ptr %frame, i32 0, i32 2
  %o5 = getelementptr %Frame, ptr %frame, i32 0, i32 3
  %t0 = getelementptr { ptr, ptr, ptr, ptr }, ptr %o6, i32 0, i32 1
  store ptr %o2, ptr %t0
  %t1 = getelementptr { ptr, ptr, ptr, ptr }, ptr %o6, i32 0, i32 2
  store ptr %o3, ptr %t1
  %t2 = getelementptr { ptr, ptr, ptr, ptr }, ptr %o6, i32 0, i32 0
  store ptr %o4, ptr %t2
  %t3 = getelementptr { ptr, ptr, ptr, ptr }, ptr %o6, i32 0, i32 3
  store ptr %o5, ptr %t3
  ret void
}

define internal void @task6(i64 %lo, i64 %hi, ptr %frame) {
entry:
  %s0 = alloca i64
  %s7 = alloca { ptr, ptr, ptr, i32 }
  %o5 = getelementptr %Frame, ptr %frame, i32 0, i32 3
  %o7 = getelementptr %Frame, ptr %frame, i32 0, i32 5
  %o4 = getelementptr %Frame, ptr %frame, i32 0, i32 2
  %o2 = getelementptr %Frame, ptr %frame, i32 0, i32 0
  %o3 = getelementptr %Frame, ptr %frame, i32 0, i32 1
  store i64 %lo, ptr %s0
  br label %bb1
bb1:
  %t4 = load i64, ptr %s0
  %t5 = icmp uge i64 %t4, %hi
  br i1 %t5, label %bb3, label %bb2
bb2:
  %t6 = trunc i64 %t4 to i32
  %t8 = getelementptr { ptr, ptr, ptr, i32 }, ptr %s7, i32 0, i32 0
  store ptr %o4, ptr %t8
  %t9 = getelementptr { ptr, ptr, ptr, i32 }, ptr %s7, i32 0, i32 1
  store ptr %o2, ptr %t9
  %t10 = getelementptr { ptr, ptr, ptr, i32 }, ptr %s7, i32 0, i32 2
  store ptr %o3, ptr %t10
  %t11 = getelementptr { ptr, ptr, ptr, i32 }, ptr %s7, i32 0, i32 3
  store i32 %t6, ptr %t11
  %t12 = load { ptr, ptr, ptr, i32 }, ptr %s7
  %t13 = call i32 @fn2({ ptr, ptr, ptr, i32 } %t12)
  %t14 = getelementptr [16 x i32], ptr %o7, i64 0, i64 %t4
  store i32 %t13, ptr %t14
  %t15 = add i64 %t4, 1
  store i64 %t15, ptr %s0
  br label %bb1
bb3:
  ret void
}

define internal void @mapal_main() {
entry:
  %frame = alloca %Frame
  %o2 = getelementptr %Frame, ptr %frame, i32 0, i32 0
  %o3 = getelementptr %Frame, ptr %frame, i32 0, i32 1
  %o4 = getelementptr %Frame, ptr %frame, i32 0, i32 2
  %o5 = getelementptr %Frame, ptr %frame, i32 0, i32 3
  %o6 = getelementptr %Frame, ptr %frame, i32 0, i32 4
  %o7 = getelementptr %Frame, ptr %frame, i32 0, i32 5
  %o8 = getelementptr %Frame, ptr %frame, i32 0, i32 6
  %o9 = getelementptr %Frame, ptr %frame, i32 0, i32 7
  %o10 = getelementptr %Frame, ptr %frame, i32 0, i32 8
  %h = call ptr @mapal_par_begin(i32 7)
  call void @mapal_par_task(ptr %h, i32 0, i32 1, ptr @task0, i64 64, i32 82, i64 0, i32 0, i32 0)
  call void @mapal_par_task(ptr %h, i32 1, i32 1, ptr @task1, i64 64, i32 82, i64 0, i32 0, i32 0)
  call void @mapal_par_task(ptr %h, i32 2, i32 1, ptr @task2, i64 4, i32 22, i64 0, i32 0, i32 0)
  call void @mapal_par_task(ptr %h, i32 3, i32 1, ptr @task3, i64 16, i32 34, i64 0, i32 0, i32 0)
  call void @mapal_par_task(ptr %h, i32 4, i32 0, ptr @task4, i64 3, i32 1, i64 0, i32 0, i32 0)
  call void @mapal_par_task(ptr %h, i32 5, i32 0, ptr @task5, i64 4, i32 18, i64 0, i32 0, i32 0)
  call void @mapal_par_task(ptr %h, i32 6, i32 1, ptr @task6, i64 16, i32 17, i64 0, i32 0, i32 0)
  call void @mapal_par_dep(ptr %h, i32 6, i32 4)
  call void @mapal_par_dep(ptr %h, i32 0, i32 5)
  call void @mapal_par_dep(ptr %h, i32 1, i32 5)
  call void @mapal_par_dep(ptr %h, i32 2, i32 5)
  call void @mapal_par_dep(ptr %h, i32 3, i32 5)
  call void @mapal_par_dep(ptr %h, i32 5, i32 6)
  call void @mapal_par_launch(ptr %h, ptr %frame)
  call void @mapal_par_wait(ptr %h, ptr @ckpt0_entries, i32 2)
  call void @mapal_par_check(ptr %h, i64 14)
  %t0 = load i32, ptr %o9
  store i32 %t0, ptr %o10
  %t1 = load i32, ptr %o10
  call void @mapal_print_i32(i32 %t1, i1 zeroext true)
  call void @mapal_par_finish(ptr %h)
  ret void
}

define internal i32 @fn1({ ptr, i32, ptr, i32, i32, i32 } %arg) {
entry:
  %o0 = alloca { ptr, i32, ptr, i32, i32, i32 }
  %o1 = alloca i32
  %o2 = alloca ptr
  %o3 = alloca i32
  %o4 = alloca ptr
  %o5 = alloca i32
  %o6 = alloca i32
  %o7 = alloca i32
  %o8 = alloca { i32, i32 }
  %o9 = alloca i32
  %o10 = alloca { i32, i32 }
  %o11 = alloca i32
  %o12 = alloca { ptr, i32 }
  %o13 = alloca i32
  %o14 = alloca { i32, i32 }
  %o15 = alloca i32
  %o16 = alloca { i32, i32 }
  %o17 = alloca i32
  %o18 = alloca { ptr, i32 }
  %o19 = alloca i32
  %o20 = alloca { i32, i32 }
  %o21 = alloca i32
  %o22 = alloca { i32, i32 }
  %o23 = alloca i32
  %o24 = alloca { ptr, i32 }
  %o25 = alloca i32
  %o26 = alloca { i32, i32 }
  store { ptr, i32, ptr, i32, i32, i32 } %arg, ptr %o0
  %t0 = getelementptr { ptr, i32, ptr, i32, i32, i32 }, ptr %o0, i32 0, i32 0
  %t1 = load ptr, ptr %t0
  store ptr %t1, ptr %o2
  %t2 = getelementptr { ptr, i32, ptr, i32, i32, i32 }, ptr %o0, i32 0, i32 1
  %t3 = load i32, ptr %t2
  store i32 %t3, ptr %o3
  %t4 = getelementptr { ptr, i32, ptr, i32, i32, i32 }, ptr %o0, i32 0, i32 2
  %t5 = load ptr, ptr %t4
  store ptr %t5, ptr %o4
  %t6 = getelementptr { ptr, i32, ptr, i32, i32, i32 }, ptr %o0, i32 0, i32 3
  %t7 = load i32, ptr %t6
  store i32 %t7, ptr %o5
  %t8 = getelementptr { ptr, i32, ptr, i32, i32, i32 }, ptr %o0, i32 0, i32 4
  %t9 = load i32, ptr %t8
  store i32 %t9, ptr %o6
  %t10 = getelementptr { ptr, i32, ptr, i32, i32, i32 }, ptr %o0, i32 0, i32 5
  %t11 = load i32, ptr %t10
  store i32 %t11, ptr %o7
  %t12 = getelementptr { i32, i32 }, ptr %o8, i32 0, i32 1
  store i32 4, ptr %t12
  %t13 = getelementptr { i32, i32 }, ptr %o14, i32 0, i32 1
  store i32 4, ptr %t13
  %t14 = getelementptr { ptr, i32 }, ptr %o24, i32 0, i32 1
  store i32 100, ptr %t14
  %t15 = load ptr, ptr %o2
  %t16 = getelementptr { ptr, i32 }, ptr %o12, i32 0, i32 0
  store ptr %t15, ptr %t16
  %t17 = load ptr, ptr %o2
  %t18 = getelementptr { ptr, i32 }, ptr %o24, i32 0, i32 0
  store ptr %t17, ptr %t18
  %t19 = load i32, ptr %o3
  %t20 = getelementptr { i32, i32 }, ptr %o8, i32 0, i32 0
  store i32 %t19, ptr %t20
  %t21 = load ptr, ptr %o4
  %t22 = getelementptr { ptr, i32 }, ptr %o18, i32 0, i32 0
  store ptr %t21, ptr %t22
  %t23 = load i32, ptr %o5
  %t24 = getelementptr { i32, i32 }, ptr %o16, i32 0, i32 1
  store i32 %t23, ptr %t24
  %t25 = load i32, ptr %o6
  %t26 = getelementptr { i32, i32 }, ptr %o22, i32 0, i32 0
  store i32 %t25, ptr %t26
  %t27 = load i32, ptr %o7
  %t28 = getelementptr { i32, i32 }, ptr %o10, i32 0, i32 1
  store i32 %t27, ptr %t28
  %t29 = load i32, ptr %o7
  %t30 = getelementptr { i32, i32 }, ptr %o14, i32 0, i32 0
  store i32 %t29, ptr %t30
  %t31 = load ptr, ptr %o2
  %t32 = getelementptr { ptr, i32 }, ptr %o24, i32 0, i32 1
  %t33 = load i32, ptr %t32
  %t34 = sext i32 %t33 to i64
  %t35 = icmp slt i64 %t34, 0
  %t36 = icmp sge i64 %t34, 64
  %t37 = or i1 %t35, %t36
  br i1 %t37, label %bb38, label %bb39
bb38:
  call void @mapal_par_trap(i64 10, i32 1)
  br label %bb40
bb39:
  %t41 = getelementptr [64 x i32], ptr %t31, i64 0, i64 %t34
  %t42 = load i32, ptr %t41
  br label %bb40
bb40:
  %t43 = phi i32 [zeroinitializer, %bb38], [%t42, %bb39]
  store i32 %t43, ptr %o25
  %t44 = getelementptr { i32, i32 }, ptr %o8, i32 0, i32 0
  %t45 = load i32, ptr %t44
  %t46 = getelementptr { i32, i32 }, ptr %o8, i32 0, i32 1
  %t47 = load i32, ptr %t46
  %t48 = mul i32 %t45, %t47
  store i32 %t48, ptr %o9
  %t49 = getelementptr { i32, i32 }, ptr %o14, i32 0, i32 0
  %t50 = load i32, ptr %t49
  %t51 = getelementptr { i32, i32 }, ptr %o14, i32 0, i32 1
  %t52 = load i32, ptr %t51
  %t53 = mul i32 %t50, %t52
  store i32 %t53, ptr %o15
  %t54 = load i32, ptr %o25
  %t55 = getelementptr { i32, i32 }, ptr %o26, i32 0, i32 1
  store i32 %t54, ptr %t55
  %t56 = load i32, ptr %o9
  %t57 = getelementptr { i32, i32 }, ptr %o10, i32 0, i32 0
  store i32 %t56, ptr %t57
  %t58 = load i32, ptr %o15
  %t59 = getelementptr { i32, i32 }, ptr %o16, i32 0, i32 0
  store i32 %t58, ptr %t59
  %t60 = getelementptr { i32, i32 }, ptr %o10, i32 0, i32 0
  %t61 = load i32, ptr %t60
  %t62 = getelementptr { i32, i32 }, ptr %o10, i32 0, i32 1
  %t63 = load i32, ptr %t62
  %t64 = add i32 %t61, %t63
  store i32 %t64, ptr %o11
  %t65 = getelementptr { i32, i32 }, ptr %o16, i32 0, i32 0
  %t66 = load i32, ptr %t65
  %t67 = getelementptr { i32, i32 }, ptr %o16, i32 0, i32 1
  %t68 = load i32, ptr %t67
  %t69 = add i32 %t66, %t68
  store i32 %t69, ptr %o17
  %t70 = load i32, ptr %o11
  %t71 = getelementptr { ptr, i32 }, ptr %o12, i32 0, i32 1
  store i32 %t70, ptr %t71
  %t72 = load i32, ptr %o17
  %t73 = getelementptr { ptr, i32 }, ptr %o18, i32 0, i32 1
  store i32 %t72, ptr %t73
  %t74 = load ptr, ptr %o2
  %t75 = getelementptr { ptr, i32 }, ptr %o12, i32 0, i32 1
  %t76 = load i32, ptr %t75
  %t77 = sext i32 %t76 to i64
  %t78 = getelementptr [64 x i32], ptr %t74, i64 0, i64 %t77
  %t79 = load i32, ptr %t78
  store i32 %t79, ptr %o13
  %t80 = load ptr, ptr %o4
  %t81 = getelementptr { ptr, i32 }, ptr %o18, i32 0, i32 1
  %t82 = load i32, ptr %t81
  %t83 = sext i32 %t82 to i64
  %t84 = getelementptr [64 x i32], ptr %t80, i64 0, i64 %t83
  %t85 = load i32, ptr %t84
  store i32 %t85, ptr %o19
  %t86 = load i32, ptr %o13
  %t87 = getelementptr { i32, i32 }, ptr %o20, i32 0, i32 0
  store i32 %t86, ptr %t87
  %t88 = load i32, ptr %o19
  %t89 = getelementptr { i32, i32 }, ptr %o20, i32 0, i32 1
  store i32 %t88, ptr %t89
  %t90 = getelementptr { i32, i32 }, ptr %o20, i32 0, i32 0
  %t91 = load i32, ptr %t90
  %t92 = getelementptr { i32, i32 }, ptr %o20, i32 0, i32 1
  %t93 = load i32, ptr %t92
  %t94 = mul i32 %t91, %t93
  store i32 %t94, ptr %o21
  %t95 = load i32, ptr %o21
  %t96 = getelementptr { i32, i32 }, ptr %o22, i32 0, i32 1
  store i32 %t95, ptr %t96
  %t97 = getelementptr { i32, i32 }, ptr %o22, i32 0, i32 0
  %t98 = load i32, ptr %t97
  %t99 = getelementptr { i32, i32 }, ptr %o22, i32 0, i32 1
  %t100 = load i32, ptr %t99
  %t101 = add i32 %t98, %t100
  store i32 %t101, ptr %o23
  %t102 = load i32, ptr %o23
  %t103 = getelementptr { i32, i32 }, ptr %o26, i32 0, i32 0
  store i32 %t102, ptr %t103
  %t104 = getelementptr { i32, i32 }, ptr %o26, i32 0, i32 0
  %t105 = load i32, ptr %t104
  %t106 = getelementptr { i32, i32 }, ptr %o26, i32 0, i32 1
  %t107 = load i32, ptr %t106
  %t108 = add i32 %t105, %t107
  store i32 %t108, ptr %o1
  %t109 = load i32, ptr %o1
  ret i32 %t109
}

define internal i32 @fn2({ ptr, ptr, ptr, i32 } %arg) {
entry:
  %o0 = alloca { ptr, ptr, ptr, i32 }
  %o1 = alloca i32
  %o2 = alloca ptr
  %o3 = alloca ptr
  %o4 = alloca ptr
  %o5 = alloca i32
  %o6 = alloca { i32, i32 }
  %o7 = alloca i32
  %o8 = alloca { i32, i32 }
  %o9 = alloca i32
  %o10 = alloca { i32, [4 x i32] }
  %o11 = alloca i32
  %o12 = alloca [4 x i32]
  %o13 = alloca { ptr, i32, ptr, i32, i32, ptr }
  %o14 = alloca i32
  %s43 = alloca i32
  %s44 = alloca i64
  %s53 = alloca { ptr, i32, ptr, i32, i32, i32 }
  store { ptr, ptr, ptr, i32 } %arg, ptr %o0
  %t0 = getelementptr { ptr, ptr, ptr, i32 }, ptr %o0, i32 0, i32 0
  %t1 = load ptr, ptr %t0
  store ptr %t1, ptr %o2
  %t2 = getelementptr { ptr, ptr, ptr, i32 }, ptr %o0, i32 0, i32 1
  %t3 = load ptr, ptr %t2
  store ptr %t3, ptr %o3
  %t4 = getelementptr { ptr, ptr, ptr, i32 }, ptr %o0, i32 0, i32 2
  %t5 = load ptr, ptr %t4
  store ptr %t5, ptr %o4
  %t6 = getelementptr { ptr, ptr, ptr, i32 }, ptr %o0, i32 0, i32 3
  %t7 = load i32, ptr %t6
  store i32 %t7, ptr %o5
  %t8 = getelementptr { i32, i32 }, ptr %o6, i32 0, i32 1
  store i32 4, ptr %t8
  %t9 = getelementptr { i32, i32 }, ptr %o8, i32 0, i32 1
  store i32 4, ptr %t9
  %t10 = getelementptr { i32, [4 x i32] }, ptr %o10, i32 0, i32 0
  store i32 0, ptr %t10
  %t11 = load ptr, ptr %o2
  %t12 = getelementptr { i32, [4 x i32] }, ptr %o10, i32 0, i32 1
  call void @llvm.memcpy.p0.p0.i64(ptr %t12, ptr %t11, i64 ptrtoint (ptr getelementptr ([4 x i32], ptr null, i64 1) to i64), i1 false)
  %t13 = load ptr, ptr %o3
  %t14 = getelementptr { ptr, i32, ptr, i32, i32, ptr }, ptr %o13, i32 0, i32 0
  store ptr %t13, ptr %t14
  %t15 = load ptr, ptr %o4
  %t16 = getelementptr { ptr, i32, ptr, i32, i32, ptr }, ptr %o13, i32 0, i32 2
  store ptr %t15, ptr %t16
  %t17 = load i32, ptr %o5
  %t18 = getelementptr { i32, i32 }, ptr %o6, i32 0, i32 0
  store i32 %t17, ptr %t18
  %t19 = load i32, ptr %o5
  %t20 = getelementptr { i32, i32 }, ptr %o8, i32 0, i32 0
  store i32 %t19, ptr %t20
  %t21 = getelementptr { i32, [4 x i32] }, ptr %o10, i32 0, i32 0
  %t22 = load i32, ptr %t21
  store i32 %t22, ptr %o11
  %t23 = load ptr, ptr %o2
  call void @llvm.memcpy.p0.p0.i64(ptr %o12, ptr %t23, i64 ptrtoint (ptr getelementptr ([4 x i32], ptr null, i64 1) to i64), i1 false)
  %t24 = getelementptr { i32, i32 }, ptr %o6, i32 0, i32 0
  %t25 = load i32, ptr %t24
  %t26 = getelementptr { i32, i32 }, ptr %o6, i32 0, i32 1
  %t27 = load i32, ptr %t26
  %t28 = sdiv i32 %t25, %t27
  store i32 %t28, ptr %o7
  %t29 = getelementptr { i32, i32 }, ptr %o8, i32 0, i32 0
  %t30 = load i32, ptr %t29
  %t31 = getelementptr { i32, i32 }, ptr %o8, i32 0, i32 1
  %t32 = load i32, ptr %t31
  %t33 = srem i32 %t30, %t32
  store i32 %t33, ptr %o9
  %t34 = load i32, ptr %o11
  %t35 = getelementptr { ptr, i32, ptr, i32, i32, ptr }, ptr %o13, i32 0, i32 4
  store i32 %t34, ptr %t35
  %t36 = getelementptr { ptr, i32, ptr, i32, i32, ptr }, ptr %o13, i32 0, i32 5
  store ptr %o12, ptr %t36
  %t37 = load i32, ptr %o7
  %t38 = getelementptr { ptr, i32, ptr, i32, i32, ptr }, ptr %o13, i32 0, i32 1
  store i32 %t37, ptr %t38
  %t39 = load i32, ptr %o9
  %t40 = getelementptr { ptr, i32, ptr, i32, i32, ptr }, ptr %o13, i32 0, i32 3
  store i32 %t39, ptr %t40
  %t41 = getelementptr { ptr, i32, ptr, i32, i32, ptr }, ptr %o13, i32 0, i32 4
  %t42 = load i32, ptr %t41
  store i32 %t42, ptr %s43
  store i64 0, ptr %s44
  br label %bb45
bb45:
  %t48 = load i64, ptr %s44
  %t49 = icmp uge i64 %t48, 4
  br i1 %t49, label %bb47, label %bb46
bb46:
  %t50 = getelementptr [4 x i32], ptr %o12, i64 0, i64 %t48
  %t51 = load i32, ptr %t50
  %t52 = load i32, ptr %s43
  %t54 = load ptr, ptr %o3
  %t55 = getelementptr { ptr, i32, ptr, i32, i32, i32 }, ptr %s53, i32 0, i32 0
  store ptr %t54, ptr %t55
  %t56 = getelementptr { ptr, i32, ptr, i32, i32, ptr }, ptr %o13, i32 0, i32 1
  %t57 = load i32, ptr %t56
  %t58 = getelementptr { ptr, i32, ptr, i32, i32, i32 }, ptr %s53, i32 0, i32 1
  store i32 %t57, ptr %t58
  %t59 = load ptr, ptr %o4
  %t60 = getelementptr { ptr, i32, ptr, i32, i32, i32 }, ptr %s53, i32 0, i32 2
  store ptr %t59, ptr %t60
  %t61 = getelementptr { ptr, i32, ptr, i32, i32, ptr }, ptr %o13, i32 0, i32 3
  %t62 = load i32, ptr %t61
  %t63 = getelementptr { ptr, i32, ptr, i32, i32, i32 }, ptr %s53, i32 0, i32 3
  store i32 %t62, ptr %t63
  %t64 = getelementptr { ptr, i32, ptr, i32, i32, i32 }, ptr %s53, i32 0, i32 4
  store i32 %t52, ptr %t64
  %t65 = getelementptr { ptr, i32, ptr, i32, i32, i32 }, ptr %s53, i32 0, i32 5
  store i32 %t51, ptr %t65
  %t66 = load { ptr, i32, ptr, i32, i32, i32 }, ptr %s53
  %t67 = call i32 @fn1({ ptr, i32, ptr, i32, i32, i32 } %t66)
  store i32 %t67, ptr %s43
  %t68 = add i64 %t48, 1
  store i64 %t68, ptr %s44
  br label %bb45
bb47:
  %t69 = load i32, ptr %s43
  store i32 %t69, ptr %o14
  %t70 = load i32, ptr %o14
  store i32 %t70, ptr %o1
  %t71 = load i32, ptr %o1
  ret i32 %t71
}

define i32 @main() {
entry:
  call void @mapal_main()
  ret i32 0
}
