---
source: crates/backends/llvm/tests/golden_ll.rs
expression: tiled_fn
---
define internal void @task4_slice(i64 %lo, i64 %hi, ptr %frame) {
entry:
  %s0 = alloca [64 x float]
  %s1 = alloca i64
  %s2 = alloca i64
  %s3 = alloca i64
  %s4 = alloca i64
  %pack_field0 = getelementptr %Frame, ptr %frame, i32 0, i32 12
  %packed0 = load ptr, ptr %pack_field0
  %o2 = getelementptr %Frame, ptr %frame, i32 0, i32 0
  %o3 = getelementptr %Frame, ptr %frame, i32 0, i32 1
  %o7 = getelementptr %Frame, ptr %frame, i32 0, i32 5
  %t5 = udiv i64 %lo, 4
  %t6 = add i64 %hi, 3
  %t7 = udiv i64 %t6, 4
  %t8 = add i64 %lo, 3
  %t9 = udiv i64 %t8, 4
  %t10 = udiv i64 %hi, 4
  store i64 0, ptr %s2
  br label %bb11
bb11:
  %t16 = load i64, ptr %s2
  %t17 = add i64 %t16, 16
  %t18 = icmp ule i64 %t17, 4
  br i1 %t18, label %bb12, label %bb13
bb12:
  %t19 = udiv i64 %t16, 16
  %t20 = mul i64 %t19, 64
  store i64 %t5, ptr %s1
  br label %bb21
bb21:
  %t24 = load i64, ptr %s1
  %t25 = icmp uge i64 %t24, %t9
  br i1 %t25, label %bb23, label %bb22
bb22:
  %t26 = mul i64 %t24, 4
  %t27 = sub i64 %lo, %t26
  %t28 = icmp slt i64 %t27, 0
  %t29 = select i1 %t28, i64 0, i64 %t27
  %t30 = sub i64 %hi, %t26
  %t31 = icmp sgt i64 %t30, 4
  %t32 = select i1 %t31, i64 4, i64 %t30
  %t33 = add i64 %t16, 16
  %t34 = icmp ult i64 %t29, %t16
  %t35 = select i1 %t34, i64 %t16, i64 %t29
  %t36 = icmp ugt i64 %t32, %t33
  %t37 = select i1 %t36, i64 %t33, i64 %t32
  %t38 = icmp ult i64 %t35, %t37
  br i1 %t38, label %bb39, label %bb40
bb39:
  %t41 = sub i64 %t37, %t35
  %t42 = sub i64 %t35, %t16
  %t43 = mul i64 %t24, 4
  store i64 0, ptr %s4
  br label %bb44
bb44:
  %t47 = load i64, ptr %s4
  %t48 = icmp uge i64 %t47, %t41
  br i1 %t48, label %bb46, label %bb45
bb45:
  %t49 = getelementptr [64 x float], ptr %s0, i64 0, i64 %t47
  store float 0x0000000000000000, ptr %t49
  %t50 = add i64 %t47, 1
  store i64 %t50, ptr %s4
  br label %bb44
bb46:
  store i64 0, ptr %s3
  br label %bb51
bb51:
  %t54 = load i64, ptr %s3
  %t55 = icmp uge i64 %t54, 4
  br i1 %t55, label %bb53, label %bb52
bb52:
  %t56 = add i64 %t43, %t54
  %t57 = getelementptr [16 x float], ptr %o2, i64 0, i64 %t56
  %t58 = load float, ptr %t57
  store i64 0, ptr %s4
  br label %bb59
bb59:
  %t62 = load i64, ptr %s4
  %t63 = icmp uge i64 %t62, %t41
  br i1 %t63, label %bb61, label %bb60
bb60:
  %t64 = mul i64 %t54, 16
  %t65 = add i64 %t20, %t64
  %t66 = add i64 %t42, %t62
  %t67 = add i64 %t65, %t66
  %t68 = getelementptr [64 x float], ptr %packed0, i64 0, i64 %t67
  %t69 = load float, ptr %t68
  %t70 = fmul float %t58, %t69
  %t71 = getelementptr [64 x float], ptr %s0, i64 0, i64 %t62
  %t72 = load float, ptr %t71
  %t73 = fadd float %t72, %t70
  store float %t73, ptr %t71
  %t74 = add i64 %t62, 1
  store i64 %t74, ptr %s4
  br label %bb59
bb61:
  %t75 = add i64 %t54, 1
  store i64 %t75, ptr %s3
  br label %bb51
bb53:
  %t76 = add i64 %t26, %t35
  store i64 0, ptr %s4
  br label %bb77
bb77:
  %t80 = load i64, ptr %s4
  %t81 = icmp uge i64 %t80, %t41
  br i1 %t81, label %bb79, label %bb78
bb78:
  %t82 = getelementptr [64 x float], ptr %s0, i64 0, i64 %t80
  %t83 = load float, ptr %t82
  %t84 = add i64 %t76, %t80
  %t85 = getelementptr [16 x float], ptr %o7, i64 0, i64 %t84
  store float %t83, ptr %t85
  %t86 = add i64 %t80, 1
  store i64 %t86, ptr %s4
  br label %bb77
bb79:
  br label %bb40
bb40:
  %t87 = add i64 %t24, 1
  store i64 %t87, ptr %s1
  br label %bb21
bb23:
  store i64 %t9, ptr %s1
  br label %bb88
bb88:
  %t91 = load i64, ptr %s1
  %t92 = add i64 %t91, 4
  %t93 = icmp ule i64 %t92, %t10
  br i1 %t93, label %bb89, label %bb90
bb89:
  %t94 = mul i64 %t91, 4
  %t95 = mul i64 %t91, 4
  %t96 = mul i64 %t91, 4
  %t97 = add i64 4, %t96
  %t98 = mul i64 %t91, 4
  %t99 = add i64 8, %t98
  %t100 = mul i64 %t91, 4
  %t101 = add i64 12, %t100
  %t102 = insertelement <16 x float> poison, float 0x0000000000000000, i64 0
  %t103 = shufflevector <16 x float> %t102, <16 x float> poison, <16 x i32> zeroinitializer
  br label %bb104
bb104:
  store i64 0, ptr %s3
  br label %bb105
bb105:
  %t114 = phi <16 x float> [ %t103, %bb104 ], [ %t110, %bb106 ]
  %t115 = phi <16 x float> [ %t103, %bb104 ], [ %t111, %bb106 ]
  %t116 = phi <16 x float> [ %t103, %bb104 ], [ %t112, %bb106 ]
  %t117 = phi <16 x float> [ %t103, %bb104 ], [ %t113, %bb106 ]
  %t118 = load i64, ptr %s3
  %t119 = add i64 %t118, 1
  %t120 = icmp ult i64 %t119, 4
  br i1 %t120, label %bb106, label %bb107
bb106:
  %t121 = add i64 %t118, 2
  %t122 = mul i64 %t121, 16
  %t123 = add i64 %t20, %t122
  %t124 = getelementptr [64 x float], ptr %packed0, i64 0, i64 %t123
  call void @llvm.prefetch.p0(ptr %t124, i32 0, i32 3, i32 1)
  %t125 = add i64 %t95, %t118
  %t126 = getelementptr [16 x float], ptr %o2, i64 0, i64 %t125
  %t127 = load float, ptr %t126
  %t128 = add i64 %t97, %t118
  %t129 = getelementptr [16 x float], ptr %o2, i64 0, i64 %t128
  %t130 = load float, ptr %t129
  %t131 = add i64 %t99, %t118
  %t132 = getelementptr [16 x float], ptr %o2, i64 0, i64 %t131
  %t133 = load float, ptr %t132
  %t134 = add i64 %t101, %t118
  %t135 = getelementptr [16 x float], ptr %o2, i64 0, i64 %t134
  %t136 = load float, ptr %t135
  %t137 = mul i64 %t118, 16
  %t138 = add i64 %t20, %t137
  %t139 = getelementptr [64 x float], ptr %packed0, i64 0, i64 %t138
  %t140 = load <16 x float>, ptr %t139, align 4
  %t141 = insertelement <16 x float> poison, float %t127, i64 0
  %t142 = shufflevector <16 x float> %t141, <16 x float> poison, <16 x i32> zeroinitializer
  %t143 = fmul <16 x float> %t142, %t140
  %t144 = fadd <16 x float> %t114, %t143
  %t145 = insertelement <16 x float> poison, float %t130, i64 0
  %t146 = shufflevector <16 x float> %t145, <16 x float> poison, <16 x i32> zeroinitializer
  %t147 = fmul <16 x float> %t146, %t140
  %t148 = fadd <16 x float> %t115, %t147
  %t149 = insertelement <16 x float> poison, float %t133, i64 0
  %t150 = shufflevector <16 x float> %t149, <16 x float> poison, <16 x i32> zeroinitializer
  %t151 = fmul <16 x float> %t150, %t140
  %t152 = fadd <16 x float> %t116, %t151
  %t153 = insertelement <16 x float> poison, float %t136, i64 0
  %t154 = shufflevector <16 x float> %t153, <16 x float> poison, <16 x i32> zeroinitializer
  %t155 = fmul <16 x float> %t154, %t140
  %t156 = fadd <16 x float> %t117, %t155
  %t157 = add i64 %t95, %t119
  %t158 = getelementptr [16 x float], ptr %o2, i64 0, i64 %t157
  %t159 = load float, ptr %t158
  %t160 = add i64 %t97, %t119
  %t161 = getelementptr [16 x float], ptr %o2, i64 0, i64 %t160
  %t162 = load float, ptr %t161
  %t163 = add i64 %t99, %t119
  %t164 = getelementptr [16 x float], ptr %o2, i64 0, i64 %t163
  %t165 = load float, ptr %t164
  %t166 = add i64 %t101, %t119
  %t167 = getelementptr [16 x float], ptr %o2, i64 0, i64 %t166
  %t168 = load float, ptr %t167
  %t169 = mul i64 %t119, 16
  %t170 = add i64 %t20, %t169
  %t171 = getelementptr [64 x float], ptr %packed0, i64 0, i64 %t170
  %t172 = load <16 x float>, ptr %t171, align 4
  %t173 = insertelement <16 x float> poison, float %t159, i64 0
  %t174 = shufflevector <16 x float> %t173, <16 x float> poison, <16 x i32> zeroinitializer
  %t175 = fmul <16 x float> %t174, %t172
  %t110 = fadd <16 x float> %t144, %t175
  %t176 = insertelement <16 x float> poison, float %t162, i64 0
  %t177 = shufflevector <16 x float> %t176, <16 x float> poison, <16 x i32> zeroinitializer
  %t178 = fmul <16 x float> %t177, %t172
  %t111 = fadd <16 x float> %t148, %t178
  %t179 = insertelement <16 x float> poison, float %t165, i64 0
  %t180 = shufflevector <16 x float> %t179, <16 x float> poison, <16 x i32> zeroinitializer
  %t181 = fmul <16 x float> %t180, %t172
  %t112 = fadd <16 x float> %t152, %t181
  %t182 = insertelement <16 x float> poison, float %t168, i64 0
  %t183 = shufflevector <16 x float> %t182, <16 x float> poison, <16 x i32> zeroinitializer
  %t184 = fmul <16 x float> %t183, %t172
  %t113 = fadd <16 x float> %t156, %t184
  %t185 = add i64 %t118, 2
  store i64 %t185, ptr %s3
  br label %bb105
bb107:
  %t186 = icmp ult i64 %t118, 4
  br i1 %t186, label %bb108, label %bb109
bb108:
  %t187 = add i64 %t95, %t118
  %t188 = getelementptr [16 x float], ptr %o2, i64 0, i64 %t187
  %t189 = load float, ptr %t188
  %t190 = add i64 %t97, %t118
  %t191 = getelementptr [16 x float], ptr %o2, i64 0, i64 %t190
  %t192 = load float, ptr %t191
  %t193 = add i64 %t99, %t118
  %t194 = getelementptr [16 x float], ptr %o2, i64 0, i64 %t193
  %t195 = load float, ptr %t194
  %t196 = add i64 %t101, %t118
  %t197 = getelementptr [16 x float], ptr %o2, i64 0, i64 %t196
  %t198 = load float, ptr %t197
  %t199 = mul i64 %t118, 16
  %t200 = add i64 %t20, %t199
  %t201 = getelementptr [64 x float], ptr %packed0, i64 0, i64 %t200
  %t202 = load <16 x float>, ptr %t201, align 4
  %t203 = insertelement <16 x float> poison, float %t189, i64 0
  %t204 = shufflevector <16 x float> %t203, <16 x float> poison, <16 x i32> zeroinitializer
  %t205 = fmul <16 x float> %t204, %t202
  %t206 = fadd <16 x float> %t114, %t205
  %t207 = insertelement <16 x float> poison, float %t192, i64 0
  %t208 = shufflevector <16 x float> %t207, <16 x float> poison, <16 x i32> zeroinitializer
  %t209 = fmul <16 x float> %t208, %t202
  %t210 = fadd <16 x float> %t115, %t209
  %t211 = insertelement <16 x float> poison, float %t195, i64 0
  %t212 = shufflevector <16 x float> %t211, <16 x float> poison, <16 x i32> zeroinitializer
  %t213 = fmul <16 x float> %t212, %t202
  %t214 = fadd <16 x float> %t116, %t213
  %t215 = insertelement <16 x float> poison, float %t198, i64 0
  %t216 = shufflevector <16 x float> %t215, <16 x float> poison, <16 x i32> zeroinitializer
  %t217 = fmul <16 x float> %t216, %t202
  %t218 = fadd <16 x float> %t117, %t217
  br label %bb109
bb109:
  %t219 = phi <16 x float> [ %t114, %bb107 ], [ %t206, %bb108 ]
  %t220 = phi <16 x float> [ %t115, %bb107 ], [ %t210, %bb108 ]
  %t221 = phi <16 x float> [ %t116, %bb107 ], [ %t214, %bb108 ]
  %t222 = phi <16 x float> [ %t117, %bb107 ], [ %t218, %bb108 ]
  %t223 = add i64 %t94, %t16
  %t224 = getelementptr [16 x float], ptr %o7, i64 0, i64 %t223
  %t225 = add i64 %t223, 4
  %t226 = getelementptr [16 x float], ptr %o7, i64 0, i64 %t225
  %t227 = add i64 %t223, 8
  %t228 = getelementptr [16 x float], ptr %o7, i64 0, i64 %t227
  %t229 = add i64 %t223, 12
  %t230 = getelementptr [16 x float], ptr %o7, i64 0, i64 %t229
  store <16 x float> %t219, ptr %t224, align 4
  store <16 x float> %t220, ptr %t226, align 4
  store <16 x float> %t221, ptr %t228, align 4
  store <16 x float> %t222, ptr %t230, align 4
  store i64 %t92, ptr %s1
  br label %bb88
bb90:
  br label %bb231
bb231:
  %t234 = load i64, ptr %s1
  %t235 = icmp uge i64 %t234, %t7
  br i1 %t235, label %bb233, label %bb232
bb232:
  %t236 = mul i64 %t234, 4
  %t237 = sub i64 %lo, %t236
  %t238 = icmp slt i64 %t237, 0
  %t239 = select i1 %t238, i64 0, i64 %t237
  %t240 = sub i64 %hi, %t236
  %t241 = icmp sgt i64 %t240, 4
  %t242 = select i1 %t241, i64 4, i64 %t240
  %t243 = add i64 %t16, 16
  %t244 = icmp ult i64 %t239, %t16
  %t245 = select i1 %t244, i64 %t16, i64 %t239
  %t246 = icmp ugt i64 %t242, %t243
  %t247 = select i1 %t246, i64 %t243, i64 %t242
  %t248 = icmp ult i64 %t245, %t247
  br i1 %t248, label %bb249, label %bb250
bb249:
  %t251 = sub i64 %t247, %t245
  %t252 = sub i64 %t245, %t16
  %t253 = mul i64 %t234, 4
  store i64 0, ptr %s4
  br label %bb254
bb254:
  %t257 = load i64, ptr %s4
  %t258 = icmp uge i64 %t257, %t251
  br i1 %t258, label %bb256, label %bb255
bb255:
  %t259 = getelementptr [64 x float], ptr %s0, i64 0, i64 %t257
  store float 0x0000000000000000, ptr %t259
  %t260 = add i64 %t257, 1
  store i64 %t260, ptr %s4
  br label %bb254
bb256:
  store i64 0, ptr %s3
  br label %bb261
bb261:
  %t264 = load i64, ptr %s3
  %t265 = icmp uge i64 %t264, 4
  br i1 %t265, label %bb263, label %bb262
bb262:
  %t266 = add i64 %t253, %t264
  %t267 = getelementptr [16 x float], ptr %o2, i64 0, i64 %t266
  %t268 = load float, ptr %t267
  store i64 0, ptr %s4
  br label %bb269
bb269:
  %t272 = load i64, ptr %s4
  %t273 = icmp uge i64 %t272, %t251
  br i1 %t273, label %bb271, label %bb270
bb270:
  %t274 = mul i64 %t264, 16
  %t275 = add i64 %t20, %t274
  %t276 = add i64 %t252, %t272
  %t277 = add i64 %t275, %t276
  %t278 = getelementptr [64 x float], ptr %packed0, i64 0, i64 %t277
  %t279 = load float, ptr %t278
  %t280 = fmul float %t268, %t279
  %t281 = getelementptr [64 x float], ptr %s0, i64 0, i64 %t272
  %t282 = load float, ptr %t281
  %t283 = fadd float %t282, %t280
  store float %t283, ptr %t281
  %t284 = add i64 %t272, 1
  store i64 %t284, ptr %s4
  br label %bb269
bb271:
  %t285 = add i64 %t264, 1
  store i64 %t285, ptr %s3
  br label %bb261
bb263:
  %t286 = add i64 %t236, %t245
  store i64 0, ptr %s4
  br label %bb287
bb287:
  %t290 = load i64, ptr %s4
  %t291 = icmp uge i64 %t290, %t251
  br i1 %t291, label %bb289, label %bb288
bb288:
  %t292 = getelementptr [64 x float], ptr %s0, i64 0, i64 %t290
  %t293 = load float, ptr %t292
  %t294 = add i64 %t286, %t290
  %t295 = getelementptr [16 x float], ptr %o7, i64 0, i64 %t294
  store float %t293, ptr %t295
  %t296 = add i64 %t290, 1
  store i64 %t296, ptr %s4
  br label %bb287
bb289:
  br label %bb250
bb250:
  %t297 = add i64 %t234, 1
  store i64 %t297, ptr %s1
  br label %bb231
bb233:
  %t298 = add i64 %t16, 16
  store i64 %t298, ptr %s2
  br label %bb11
bb13:
  %t299 = icmp ult i64 %t16, 4
  br i1 %t299, label %bb14, label %bb15
bb14:
  %t300 = sub i64 4, %t16
  %t301 = icmp ult i64 %t300, 16
  %t302 = select i1 %t301, i64 %t300, i64 16
  %t303 = udiv i64 %t16, 16
  %t304 = mul i64 %t303, 64
  store i64 %t5, ptr %s1
  br label %bb305
bb305:
  %t308 = load i64, ptr %s1
  %t309 = icmp uge i64 %t308, %t9
  br i1 %t309, label %bb307, label %bb306
bb306:
  %t310 = mul i64 %t308, 4
  %t311 = sub i64 %lo, %t310
  %t312 = icmp slt i64 %t311, 0
  %t313 = select i1 %t312, i64 0, i64 %t311
  %t314 = sub i64 %hi, %t310
  %t315 = icmp sgt i64 %t314, 4
  %t316 = select i1 %t315, i64 4, i64 %t314
  %t317 = add i64 %t16, %t302
  %t318 = icmp ult i64 %t313, %t16
  %t319 = select i1 %t318, i64 %t16, i64 %t313
  %t320 = icmp ugt i64 %t316, %t317
  %t321 = select i1 %t320, i64 %t317, i64 %t316
  %t322 = icmp ult i64 %t319, %t321
  br i1 %t322, label %bb323, label %bb324
bb323:
  %t325 = sub i64 %t321, %t319
  %t326 = sub i64 %t319, %t16
  %t327 = mul i64 %t308, 4
  store i64 0, ptr %s4
  br label %bb328
bb328:
  %t331 = load i64, ptr %s4
  %t332 = icmp uge i64 %t331, %t325
  br i1 %t332, label %bb330, label %bb329
bb329:
  %t333 = getelementptr [64 x float], ptr %s0, i64 0, i64 %t331
  store float 0x0000000000000000, ptr %t333
  %t334 = add i64 %t331, 1
  store i64 %t334, ptr %s4
  br label %bb328
bb330:
  store i64 0, ptr %s3
  br label %bb335
bb335:
  %t338 = load i64, ptr %s3
  %t339 = icmp uge i64 %t338, 4
  br i1 %t339, label %bb337, label %bb336
bb336:
  %t340 = add i64 %t327, %t338
  %t341 = getelementptr [16 x float], ptr %o2, i64 0, i64 %t340
  %t342 = load float, ptr %t341
  store i64 0, ptr %s4
  br label %bb343
bb343:
  %t346 = load i64, ptr %s4
  %t347 = icmp uge i64 %t346, %t325
  br i1 %t347, label %bb345, label %bb344
bb344:
  %t348 = mul i64 %t338, 16
  %t349 = add i64 %t304, %t348
  %t350 = add i64 %t326, %t346
  %t351 = add i64 %t349, %t350
  %t352 = getelementptr [64 x float], ptr %packed0, i64 0, i64 %t351
  %t353 = load float, ptr %t352
  %t354 = fmul float %t342, %t353
  %t355 = getelementptr [64 x float], ptr %s0, i64 0, i64 %t346
  %t356 = load float, ptr %t355
  %t357 = fadd float %t356, %t354
  store float %t357, ptr %t355
  %t358 = add i64 %t346, 1
  store i64 %t358, ptr %s4
  br label %bb343
bb345:
  %t359 = add i64 %t338, 1
  store i64 %t359, ptr %s3
  br label %bb335
bb337:
  %t360 = add i64 %t310, %t319
  store i64 0, ptr %s4
  br label %bb361
bb361:
  %t364 = load i64, ptr %s4
  %t365 = icmp uge i64 %t364, %t325
  br i1 %t365, label %bb363, label %bb362
bb362:
  %t366 = getelementptr [64 x float], ptr %s0, i64 0, i64 %t364
  %t367 = load float, ptr %t366
  %t368 = add i64 %t360, %t364
  %t369 = getelementptr [16 x float], ptr %o7, i64 0, i64 %t368
  store float %t367, ptr %t369
  %t370 = add i64 %t364, 1
  store i64 %t370, ptr %s4
  br label %bb361
bb363:
  br label %bb324
bb324:
  %t371 = add i64 %t308, 1
  store i64 %t371, ptr %s1
  br label %bb305
bb307:
  store i64 %t9, ptr %s1
  br label %bb372
bb372:
  %t375 = load i64, ptr %s1
  %t376 = add i64 %t375, 4
  %t377 = icmp ule i64 %t376, %t10
  br i1 %t377, label %bb373, label %bb374
bb373:
  %t378 = mul i64 %t375, 4
  %t379 = mul i64 %t375, 4
  %t380 = mul i64 %t375, 4
  %t381 = add i64 4, %t380
  %t382 = mul i64 %t375, 4
  %t383 = add i64 8, %t382
  %t384 = mul i64 %t375, 4
  %t385 = add i64 12, %t384
  store i64 0, ptr %s4
  br label %bb386
bb386:
  %t389 = load i64, ptr %s4
  %t390 = icmp uge i64 %t389, %t302
  br i1 %t390, label %bb388, label %bb387
bb387:
  %t391 = getelementptr [64 x float], ptr %s0, i64 0, i64 %t389
  store float 0x0000000000000000, ptr %t391
  %t392 = add i64 %t389, 1
  store i64 %t392, ptr %s4
  br label %bb386
bb388:
  store i64 0, ptr %s4
  br label %bb393
bb393:
  %t396 = load i64, ptr %s4
  %t397 = icmp uge i64 %t396, %t302
  br i1 %t397, label %bb395, label %bb394
bb394:
  %t398 = add i64 %t396, 16
  %t399 = getelementptr [64 x float], ptr %s0, i64 0, i64 %t398
  store float 0x0000000000000000, ptr %t399
  %t400 = add i64 %t396, 1
  store i64 %t400, ptr %s4
  br label %bb393
bb395:
  store i64 0, ptr %s4
  br label %bb401
bb401:
  %t404 = load i64, ptr %s4
  %t405 = icmp uge i64 %t404, %t302
  br i1 %t405, label %bb403, label %bb402
bb402:
  %t406 = add i64 %t404, 32
  %t407 = getelementptr [64 x float], ptr %s0, i64 0, i64 %t406
  store float 0x0000000000000000, ptr %t407
  %t408 = add i64 %t404, 1
  store i64 %t408, ptr %s4
  br label %bb401
bb403:
  store i64 0, ptr %s4
  br label %bb409
bb409:
  %t412 = load i64, ptr %s4
  %t413 = icmp uge i64 %t412, %t302
  br i1 %t413, label %bb411, label %bb410
bb410:
  %t414 = add i64 %t412, 48
  %t415 = getelementptr [64 x float], ptr %s0, i64 0, i64 %t414
  store float 0x0000000000000000, ptr %t415
  %t416 = add i64 %t412, 1
  store i64 %t416, ptr %s4
  br label %bb409
bb411:
  store i64 0, ptr %s3
  br label %bb417
bb417:
  %t420 = load i64, ptr %s3
  %t421 = icmp uge i64 %t420, 4
  br i1 %t421, label %bb419, label %bb418
bb418:
  %t422 = add i64 %t379, %t420
  %t423 = getelementptr [16 x float], ptr %o2, i64 0, i64 %t422
  %t424 = load float, ptr %t423
  %t425 = add i64 %t381, %t420
  %t426 = getelementptr [16 x float], ptr %o2, i64 0, i64 %t425
  %t427 = load float, ptr %t426
  %t428 = add i64 %t383, %t420
  %t429 = getelementptr [16 x float], ptr %o2, i64 0, i64 %t428
  %t430 = load float, ptr %t429
  %t431 = add i64 %t385, %t420
  %t432 = getelementptr [16 x float], ptr %o2, i64 0, i64 %t431
  %t433 = load float, ptr %t432
  store i64 0, ptr %s4
  br label %bb434
bb434:
  %t437 = load i64, ptr %s4
  %t438 = icmp uge i64 %t437, %t302
  br i1 %t438, label %bb436, label %bb435
bb435:
  %t439 = mul i64 %t420, 16
  %t440 = add i64 %t304, %t439
  %t441 = add i64 %t440, %t437
  %t442 = getelementptr [64 x float], ptr %packed0, i64 0, i64 %t441
  %t443 = load float, ptr %t442
  %t444 = fmul float %t424, %t443
  %t445 = getelementptr [64 x float], ptr %s0, i64 0, i64 %t437
  %t446 = load float, ptr %t445
  %t447 = fadd float %t446, %t444
  store float %t447, ptr %t445
  %t448 = fmul float %t427, %t443
  %t449 = add i64 %t437, 16
  %t450 = getelementptr [64 x float], ptr %s0, i64 0, i64 %t449
  %t451 = load float, ptr %t450
  %t452 = fadd float %t451, %t448
  store float %t452, ptr %t450
  %t453 = fmul float %t430, %t443
  %t454 = add i64 %t437, 32
  %t455 = getelementptr [64 x float], ptr %s0, i64 0, i64 %t454
  %t456 = load float, ptr %t455
  %t457 = fadd float %t456, %t453
  store float %t457, ptr %t455
  %t458 = fmul float %t433, %t443
  %t459 = add i64 %t437, 48
  %t460 = getelementptr [64 x float], ptr %s0, i64 0, i64 %t459
  %t461 = load float, ptr %t460
  %t462 = fadd float %t461, %t458
  store float %t462, ptr %t460
  %t463 = add i64 %t437, 1
  store i64 %t463, ptr %s4
  br label %bb434
bb436:
  %t464 = add i64 %t420, 1
  store i64 %t464, ptr %s3
  br label %bb417
bb419:
  %t465 = add i64 %t378, %t16
  store i64 0, ptr %s4
  br label %bb466
bb466:
  %t469 = load i64, ptr %s4
  %t470 = icmp uge i64 %t469, %t302
  br i1 %t470, label %bb468, label %bb467
bb467:
  %t471 = getelementptr [64 x float], ptr %s0, i64 0, i64 %t469
  %t472 = load float, ptr %t471
  %t473 = add i64 %t465, %t469
  %t474 = getelementptr [16 x float], ptr %o7, i64 0, i64 %t473
  store float %t472, ptr %t474
  %t475 = add i64 %t469, 1
  store i64 %t475, ptr %s4
  br label %bb466
bb468:
  %t476 = add i64 %t465, 4
  store i64 0, ptr %s4
  br label %bb477
bb477:
  %t480 = load i64, ptr %s4
  %t481 = icmp uge i64 %t480, %t302
  br i1 %t481, label %bb479, label %bb478
bb478:
  %t482 = add i64 %t480, 16
  %t483 = getelementptr [64 x float], ptr %s0, i64 0, i64 %t482
  %t484 = load float, ptr %t483
  %t485 = add i64 %t476, %t480
  %t486 = getelementptr [16 x float], ptr %o7, i64 0, i64 %t485
  store float %t484, ptr %t486
  %t487 = add i64 %t480, 1
  store i64 %t487, ptr %s4
  br label %bb477
bb479:
  %t488 = add i64 %t465, 8
  store i64 0, ptr %s4
  br label %bb489
bb489:
  %t492 = load i64, ptr %s4
  %t493 = icmp uge i64 %t492, %t302
  br i1 %t493, label %bb491, label %bb490
bb490:
  %t494 = add i64 %t492, 32
  %t495 = getelementptr [64 x float], ptr %s0, i64 0, i64 %t494
  %t496 = load float, ptr %t495
  %t497 = add i64 %t488, %t492
  %t498 = getelementptr [16 x float], ptr %o7, i64 0, i64 %t497
  store float %t496, ptr %t498
  %t499 = add i64 %t492, 1
  store i64 %t499, ptr %s4
  br label %bb489
bb491:
  %t500 = add i64 %t465, 12
  store i64 0, ptr %s4
  br label %bb501
bb501:
  %t504 = load i64, ptr %s4
  %t505 = icmp uge i64 %t504, %t302
  br i1 %t505, label %bb503, label %bb502
bb502:
  %t506 = add i64 %t504, 48
  %t507 = getelementptr [64 x float], ptr %s0, i64 0, i64 %t506
  %t508 = load float, ptr %t507
  %t509 = add i64 %t500, %t504
  %t510 = getelementptr [16 x float], ptr %o7, i64 0, i64 %t509
  store float %t508, ptr %t510
  %t511 = add i64 %t504, 1
  store i64 %t511, ptr %s4
  br label %bb501
bb503:
  store i64 %t376, ptr %s1
  br label %bb372
bb374:
  br label %bb512
bb512:
  %t515 = load i64, ptr %s1
  %t516 = icmp uge i64 %t515, %t7
  br i1 %t516, label %bb514, label %bb513
bb513:
  %t517 = mul i64 %t515, 4
  %t518 = sub i64 %lo, %t517
  %t519 = icmp slt i64 %t518, 0
  %t520 = select i1 %t519, i64 0, i64 %t518
  %t521 = sub i64 %hi, %t517
  %t522 = icmp sgt i64 %t521, 4
  %t523 = select i1 %t522, i64 4, i64 %t521
  %t524 = add i64 %t16, %t302
  %t525 = icmp ult i64 %t520, %t16
  %t526 = select i1 %t525, i64 %t16, i64 %t520
  %t527 = icmp ugt i64 %t523, %t524
  %t528 = select i1 %t527, i64 %t524, i64 %t523
  %t529 = icmp ult i64 %t526, %t528
  br i1 %t529, label %bb530, label %bb531
bb530:
  %t532 = sub i64 %t528, %t526
  %t533 = sub i64 %t526, %t16
  %t534 = mul i64 %t515, 4
  store i64 0, ptr %s4
  br label %bb535
bb535:
  %t538 = load i64, ptr %s4
  %t539 = icmp uge i64 %t538, %t532
  br i1 %t539, label %bb537, label %bb536
bb536:
  %t540 = getelementptr [64 x float], ptr %s0, i64 0, i64 %t538
  store float 0x0000000000000000, ptr %t540
  %t541 = add i64 %t538, 1
  store i64 %t541, ptr %s4
  br label %bb535
bb537:
  store i64 0, ptr %s3
  br label %bb542
bb542:
  %t545 = load i64, ptr %s3
  %t546 = icmp uge i64 %t545, 4
  br i1 %t546, label %bb544, label %bb543
bb543:
  %t547 = add i64 %t534, %t545
  %t548 = getelementptr [16 x float], ptr %o2, i64 0, i64 %t547
  %t549 = load float, ptr %t548
  store i64 0, ptr %s4
  br label %bb550
bb550:
  %t553 = load i64, ptr %s4
  %t554 = icmp uge i64 %t553, %t532
  br i1 %t554, label %bb552, label %bb551
bb551:
  %t555 = mul i64 %t545, 16
  %t556 = add i64 %t304, %t555
  %t557 = add i64 %t533, %t553
  %t558 = add i64 %t556, %t557
  %t559 = getelementptr [64 x float], ptr %packed0, i64 0, i64 %t558
  %t560 = load float, ptr %t559
  %t561 = fmul float %t549, %t560
  %t562 = getelementptr [64 x float], ptr %s0, i64 0, i64 %t553
  %t563 = load float, ptr %t562
  %t564 = fadd float %t563, %t561
  store float %t564, ptr %t562
  %t565 = add i64 %t553, 1
  store i64 %t565, ptr %s4
  br label %bb550
bb552:
  %t566 = add i64 %t545, 1
  store i64 %t566, ptr %s3
  br label %bb542
bb544:
  %t567 = add i64 %t517, %t526
  store i64 0, ptr %s4
  br label %bb568
bb568:
  %t571 = load i64, ptr %s4
  %t572 = icmp uge i64 %t571, %t532
  br i1 %t572, label %bb570, label %bb569
bb569:
  %t573 = getelementptr [64 x float], ptr %s0, i64 0, i64 %t571
  %t574 = load float, ptr %t573
  %t575 = add i64 %t567, %t571
  %t576 = getelementptr [16 x float], ptr %o7, i64 0, i64 %t575
  store float %t574, ptr %t576
  %t577 = add i64 %t571, 1
  store i64 %t577, ptr %s4
  br label %bb568
bb570:
  br label %bb531
bb531:
  %t578 = add i64 %t515, 1
  store i64 %t578, ptr %s1
  br label %bb512
bb514:
  br label %bb15
bb15:
  ret void
}
