---
source: crates/backends/llvm/tests/golden_ll.rs
expression: ll
---
; mapal-backend-llvm emitted module
declare void @mapal_print_i32(i32, i1 zeroext)
declare void @mapal_print_i64(i64, i1 zeroext)
declare void @mapal_print_u8(i8 zeroext, i1 zeroext)
declare void @mapal_print_bool(i1 zeroext, i1 zeroext)
declare void @mapal_print_f32(float, i1 zeroext)
declare void @mapal_print_f64(double, i1 zeroext)
declare void @mapal_print_str(ptr, i64, i1 zeroext)
declare double @mapal_time_ms()
declare void @mapal_trap(i32) noreturn
declare void @llvm.memcpy.p0.p0.i64(ptr, ptr, i64, i1)
declare ptr @mapal_par_begin(i32)
declare void @mapal_par_task(ptr, i32, i32, ptr, i64, i32, i64, i32, i32)
declare void @mapal_par_pin(ptr, i32)
declare void @mapal_par_dep(ptr, i32, i32)
declare void @mapal_par_launch(ptr, ptr)
declare void @mapal_par_wait(ptr, ptr, i32)
declare void @mapal_par_check(ptr, i64)
declare void @mapal_par_trap(i64, i32)
declare void @mapal_par_watermark(i64)
declare void @mapal_par_run_pinned(ptr, i32)
declare void @mapal_par_finish(ptr)

define internal i32 @fn0({ i32, i32 } %arg) {
entry:
  %o0 = alloca { i32, i32 }
  %o1 = alloca i32
  %o2 = alloca i32
  %o3 = alloca i32
  %o4 = alloca { i32, i32 }
  %o5 = alloca i32
  %o6 = alloca { i32, i32 }
  %o7 = alloca i32
  %o8 = alloca { i32, i32 }
  store { i32, i32 } %arg, ptr %o0
  %t0 = getelementptr { i32, i32 }, ptr %o0, i32 0, i32 0
  %t1 = load i32, ptr %t0
  store i32 %t1, ptr %o2
  %t2 = getelementptr { i32, i32 }, ptr %o0, i32 0, i32 1
  %t3 = load i32, ptr %t2
  store i32 %t3, ptr %o3
  %t4 = load i32, ptr %o2
  %t5 = getelementptr { i32, i32 }, ptr %o4, i32 0, i32 0
  store i32 %t4, ptr %t5
  %t6 = load i32, ptr %o2
  %t7 = getelementptr { i32, i32 }, ptr %o6, i32 0, i32 0
  store i32 %t6, ptr %t7
  %t8 = load i32, ptr %o3
  %t9 = getelementptr { i32, i32 }, ptr %o4, i32 0, i32 1
  store i32 %t8, ptr %t9
  %t10 = load i32, ptr %o3
  %t11 = getelementptr { i32, i32 }, ptr %o6, i32 0, i32 1
  store i32 %t10, ptr %t11
  %t12 = getelementptr { i32, i32 }, ptr %o4, i32 0, i32 0
  %t13 = load i32, ptr %t12
  %t14 = getelementptr { i32, i32 }, ptr %o4, i32 0, i32 1
  %t15 = load i32, ptr %t14
  %t16 = icmp eq i32 %t15, 0
  br i1 %t16, label %bb17, label %bb18
bb17:
  call void @mapal_trap(i32 0)
  unreachable
bb18:
  %t19 = icmp eq i32 %t15, -1
  %t20 = icmp eq i32 %t13, -2147483648
  %t21 = and i1 %t19, %t20
  br i1 %t21, label %bb22, label %bb23
bb22:
  store i32 -2147483648, ptr %o5
  br label %bb24
bb23:
  %t25 = sdiv i32 %t13, %t15
  store i32 %t25, ptr %o5
  br label %bb24
bb24:
  %t26 = load i32, ptr %o5
  %t27 = getelementptr { i32, i32 }, ptr %o8, i32 0, i32 0
  store i32 %t26, ptr %t27
  %t28 = getelementptr { i32, i32 }, ptr %o6, i32 0, i32 0
  %t29 = load i32, ptr %t28
  %t30 = getelementptr { i32, i32 }, ptr %o6, i32 0, i32 1
  %t31 = load i32, ptr %t30
  %t32 = icmp eq i32 %t31, 0
  br i1 %t32, label %bb33, label %bb34
bb33:
  call void @mapal_trap(i32 0)
  unreachable
bb34:
  %t35 = icmp eq i32 %t31, -1
  %t36 = icmp eq i32 %t29, -2147483648
  %t37 = and i1 %t35, %t36
  br i1 %t37, label %bb38, label %bb39
bb38:
  store i32 0, ptr %o7
  br label %bb40
bb39:
  %t41 = srem i32 %t29, %t31
  store i32 %t41, ptr %o7
  br label %bb40
bb40:
  %t42 = load i32, ptr %o7
  %t43 = getelementptr { i32, i32 }, ptr %o8, i32 0, i32 1
  store i32 %t42, ptr %t43
  %t44 = getelementptr { i32, i32 }, ptr %o8, i32 0, i32 0
  %t45 = load i32, ptr %t44
  %t46 = getelementptr { i32, i32 }, ptr %o8, i32 0, i32 1
  %t47 = load i32, ptr %t46
  %t48 = add i32 %t45, %t47
  store i32 %t48, ptr %o1
  %t49 = load i32, ptr %o1
  ret i32 %t49
}

%Frame = type { { i32, i32 }, i32, i32 }

@ckpt0_entries = private unnamed_addr constant [1 x i64] [i64 4294967295]
@pin0_entries = private unnamed_addr constant [0 x i64] zeroinitializer

define internal void @task0(i64 %lo, i64 %hi, ptr %frame) {
entry:
  %o2 = getelementptr %Frame, ptr %frame, i32 0, i32 0
  %o3 = getelementptr %Frame, ptr %frame, i32 0, i32 1
  %t0 = getelementptr { i32, i32 }, ptr %o2, i32 0, i32 0
  store i32 7, ptr %t0
  %t1 = getelementptr { i32, i32 }, ptr %o2, i32 0, i32 1
  store i32 3, ptr %t1
  %t2 = load { i32, i32 }, ptr %o2
  %t3 = call i32 @fn0({ i32, i32 } %t2)
  store i32 %t3, ptr %o3
  ret void
}

define internal void @mapal_main() {
entry:
  %frame = alloca %Frame
  %o2 = getelementptr %Frame, ptr %frame, i32 0, i32 0
  %o3 = getelementptr %Frame, ptr %frame, i32 0, i32 1
  %o4 = getelementptr %Frame, ptr %frame, i32 0, i32 2
  %h = call ptr @mapal_par_begin(i32 1)
  call void @mapal_par_task(ptr %h, i32 0, i32 0, ptr @task0, i64 3, i32 1, i64 0, i32 0, i32 0)
  call void @mapal_par_pin(ptr %h, i32 0)
  call void @mapal_par_launch(ptr %h, ptr %frame)
  call void @mapal_par_wait(ptr %h, ptr @pin0_entries, i32 0)
  call void @mapal_par_check(ptr %h, i64 1)
  call void @mapal_par_run_pinned(ptr %h, i32 0)
  call void @mapal_par_wait(ptr %h, ptr @ckpt0_entries, i32 1)
  call void @mapal_par_check(ptr %h, i64 5)
  %t0 = load i32, ptr %o3
  store i32 %t0, ptr %o4
  %t1 = load i32, ptr %o4
  call void @mapal_print_i32(i32 %t1, i1 zeroext true)
  call void @mapal_par_finish(ptr %h)
  ret void
}

define i32 @main() {
entry:
  call void @mapal_main()
  ret i32 0
}
