---
source: crates/backends/llvm/tests/golden_ll.rs
expression: ll
---
; mapal-backend-llvm emitted module
declare void @mapal_print_i32(i32, i1 zeroext)
declare void @mapal_print_i64(i64, i1 zeroext)
declare void @mapal_print_u8(i8 zeroext, i1 zeroext)
declare void @mapal_print_bool(i1 zeroext, i1 zeroext)
declare void @mapal_print_f32(float, i1 zeroext)
declare void @mapal_print_f64(double, i1 zeroext)
declare void @mapal_print_str(ptr, i64, i1 zeroext)
declare double @mapal_time_ms()
declare void @mapal_trap(i32) noreturn
declare void @llvm.memcpy.p0.p0.i64(ptr, ptr, i64, i1)
declare ptr @mapal_par_begin(i32)
declare void @mapal_par_task(ptr, i32, i32, ptr, i64, i32, i64, i32, i32)
declare void @mapal_par_pin(ptr, i32)
declare void @mapal_par_dep(ptr, i32, i32)
declare void @mapal_par_launch(ptr, ptr)
declare void @mapal_par_wait(ptr, ptr, i32)
declare void @mapal_par_check(ptr, i64)
declare void @mapal_par_trap(i64, i32)
declare void @mapal_par_watermark(i64)
declare void @mapal_par_run_pinned(ptr, i32)
declare void @mapal_par_finish(ptr)

@.str0 = private unnamed_addr constant [8 x i8] c"f(10) = "

define internal i32 @fn0(i32 %arg) readonly nounwind willreturn {
entry:
  %o0 = alloca i32
  %o1 = alloca i32
  %o2 = alloca { i32, i32 }
  %o3 = alloca i32
  %o4 = alloca { i32, i32 }
  store i32 %arg, ptr %o0
  %t0 = load i32, ptr %o0
  %t1 = getelementptr { i32, i32 }, ptr %o2, i32 0, i32 0
  store i32 %t0, ptr %t1
  %t2 = getelementptr { i32, i32 }, ptr %o2, i32 0, i32 1
  store i32 2, ptr %t2
  %t3 = getelementptr { i32, i32 }, ptr %o2, i32 0, i32 0
  %t4 = load i32, ptr %t3
  %t5 = getelementptr { i32, i32 }, ptr %o2, i32 0, i32 1
  %t6 = load i32, ptr %t5
  %t7 = mul i32 %t4, %t6
  store i32 %t7, ptr %o3
  %t8 = load i32, ptr %o3
  %t9 = getelementptr { i32, i32 }, ptr %o4, i32 0, i32 0
  store i32 %t8, ptr %t9
  %t10 = getelementptr { i32, i32 }, ptr %o4, i32 0, i32 1
  store i32 5, ptr %t10
  %t11 = getelementptr { i32, i32 }, ptr %o4, i32 0, i32 0
  %t12 = load i32, ptr %t11
  %t13 = getelementptr { i32, i32 }, ptr %o4, i32 0, i32 1
  %t14 = load i32, ptr %t13
  %t15 = add i32 %t12, %t14
  store i32 %t15, ptr %o1
  %t16 = load i32, ptr %o1
  ret i32 %t16
}

%Frame = type { i32, i32 }

@ckpt0_entries = private unnamed_addr constant [0 x i64] zeroinitializer
@ckpt1_entries = private unnamed_addr constant [1 x i64] [i64 4294967295]

define internal void @task0(i64 %lo, i64 %hi, ptr %frame) {
entry:
  %o2 = getelementptr %Frame, ptr %frame, i32 0, i32 0
  %t0 = call i32 @fn0(i32 10)
  store i32 %t0, ptr %o2
  ret void
}

define internal void @mapal_main() {
entry:
  %frame = alloca %Frame
  %o2 = getelementptr %Frame, ptr %frame, i32 0, i32 0
  %o5 = getelementptr %Frame, ptr %frame, i32 0, i32 1
  %h = call ptr @mapal_par_begin(i32 1)
  call void @mapal_par_task(ptr %h, i32 0, i32 0, ptr @task0, i64 1, i32 1, i64 0, i32 0, i32 0)
  call void @mapal_par_launch(ptr %h, ptr %frame)
  call void @mapal_par_wait(ptr %h, ptr @ckpt1_entries, i32 1)
  call void @mapal_par_check(ptr %h, i64 6)
  %t0 = load i32, ptr %o2
  store i32 %t0, ptr %o5
  call void @mapal_par_wait(ptr %h, ptr @ckpt0_entries, i32 0)
  call void @mapal_par_check(ptr %h, i64 4)
  call void @mapal_print_str(ptr @.str0, i64 8, i1 zeroext false)
  %t1 = load i32, ptr %o5
  call void @mapal_print_i32(i32 %t1, i1 zeroext true)
  call void @mapal_par_finish(ptr %h)
  ret void
}

define i32 @main() {
entry:
  call void @mapal_main()
  ret i32 0
}
