perflock: acquired (waited 0s lock / 0s quiet) — running: benches/sme/nc_sweep.sh benches/matmul/matmul4096_cap_f32.mapal 15 256 512 1024 2048
== SME nc sweep: matmul4096_cap_f32 ==
clang:   Homebrew clang version 22.1.8
cflags:  -O2 -march=armv8-a+sme2
threads: MAPAL_PAR=<pool default>
runs:    15 round-robin cycles (+1 discarded warm-up)
commit:  0518e76 +dirty
  kernel bytes identical across arms: 1 distinct hash(es) — must be 1
  values identical to the NEON leg on every arm: 74348 -302529
  n=15 per arm
       arm        min     median        max    vs off  distributions
       ctl    54.1130    74.2358    94.6478    1.015x  OVERLAP
       256    65.8748    92.5051   111.3522    0.814x  OVERLAP
       512    57.6475    82.6957    99.3417    0.911x  OVERLAP
      1024    55.2950    80.9054    93.0112    0.931x  OVERLAP
      2048    53.9250    79.1870    96.2422    0.951x  OVERLAP
       off    53.9066    75.3287    92.7373    1.000x  -
  (rule 6: under ~6% on this unpinned Mac is noise; byte-identical
   binaries have measured -5.9%..+1.2% apart.)
  CONTROL (byte-identical to off): 1.45% from off — within the noise floor, run stands
perflock: released (exit 0)
exit=0
