perflock: acquired (waited 0s lock / 0s quiet) — running: benches/sme/nc_sweep.sh benches/matmul/matmul4096_cap_f32.mapal 15 256 512 1024 2048
== SME nc sweep: matmul4096_cap_f32 ==
clang:   Homebrew clang version 22.1.8
cflags:  -O2 -march=armv8-a+sme2
threads: MAPAL_PAR=<pool default>
runs:    15 round-robin cycles (+1 discarded warm-up)
commit:  0518e76 +dirty
  kernel bytes identical across arms: 1 distinct hash(es) — must be 1
  values identical to the NEON leg on every arm: 74348 -302529
  n=15 per arm
       arm        min     median        max    vs off  distributions
       ctl    53.9437    74.0216    90.2430    1.042x  OVERLAP
       256    65.8030    92.2642   114.5055    0.836x  OVERLAP
       512    59.3700    84.2167    98.6615    0.916x  OVERLAP
      1024    55.4992    80.4819    94.4766    0.958x  OVERLAP
      2048    55.7834    76.6914    91.6020    1.006x  OVERLAP
       off    55.5880    77.1326    91.2720    1.000x  -
  (rule 6: under ~6% on this unpinned Mac is noise; byte-identical
   binaries have measured -5.9%..+1.2% apart.)
  CONTROL (byte-identical to off): 4.03% from off — within the noise floor, run stands
perflock: released (exit 0)
exit=0
