perflock: acquired (waited 0s lock / 0s quiet) — running: benches/sme/nc_sweep.sh benches/matmul/matmul4096_cap_f32.mapal 13 128 256 512 1024 2048
== SME nc sweep: matmul4096_cap_f32 ==
clang:   Homebrew clang version 22.1.8
cflags:  -O2 -march=armv8-a+sme2
threads: MAPAL_PAR=1
runs:    13 round-robin cycles (+1 discarded warm-up)
commit:  0518e76 +dirty
  kernel bytes identical across arms: 1 distinct hash(es) — must be 1
  values identical to the NEON leg on every arm: 74348 -302529
  n=13 per arm
       arm        min     median        max    vs off  distributions
       ctl   169.1205   171.4070   172.5627    0.998x  OVERLAP
       128   441.4737   445.7400   460.7738    0.384x  disjoint
       256   265.9321   268.0966   275.2316    0.638x  disjoint
       512   180.6352   181.6610   187.4045    0.942x  disjoint
      1024   143.7260   144.1583   147.5360    1.187x  disjoint
      2048   160.1402   162.1472   166.1203    1.055x  disjoint
       off   170.1460   171.0693   175.9594    1.000x  -
  (rule 6: under ~6% on this unpinned Mac is noise; byte-identical
   binaries have measured -5.9%..+1.2% apart.)
  CONTROL (byte-identical to off): 0.20% from off — within the noise floor, run stands
perflock: released (exit 0)
exit=0
