512 0.19725
1024 0.957084
2048 6.730208
4096 53.058209
512 0.212916
1024 0.95775
2048 6.642666
4096 53.285875000000004
512 0.219875
1024 0.927625
2048 6.670041
4096 55.395292
512 0.21945800000000001
1024 0.915
2048 6.622958000000001
4096 53.177
512 0.21950000000000003
1024 0.968125
2048 6.563542
4096 54.354333
512 0.20691700000000002
1024 0.961416
2048 6.700374999999999
4096 54.163875
512 0.211
1024 0.912417
2048 6.67075
4096 53.57325
512 0.23766600000000002
1024 0.915708
2048 6.6132919999999995
4096 55.676333
512 0.20225
1024 0.9429170000000001
2048 6.789791
4096 55.566125
