SME operand reach -- bytes held CONSTANT along each M sweep, page
span varied 64x. 4 fmopa and 256 B of fresh operand line per
iteration in EVERY row. page 16384 B | L1D 128 KB | L2 slice ~3.2 MB |
shared L2 16 MB.  30000000 iterations/cell (nominal), 11 interleaved reps,
1000 ms warmup, buffer 260 MB, 72 cells (4 skipped past the 320 MB
span cap).

    bytes    M   stride   pages    span  ord    ms min    ms med    ms max  GF/s med  GB/s med

      32K    1     256B       2     32K  seq    30.642    30.732    43.354    1999.2     249.9
      32K    1     256B       2     32K  rev    30.676    30.710    33.212    2000.7     250.1
      32K    3     768B       6     96K  seq    30.650    30.703    31.820    2001.1     250.1
      32K    3     768B       6     96K  rev    30.644    30.764    31.659    1997.1     249.6
      32K    5    1280B      10    160K  seq    30.678    30.824    31.127    1993.3     249.2
      32K    5    1280B      10    160K  rev    30.662    30.777    31.322    1996.3     249.5
      32K    9    2304B      18    288K  seq    30.653    30.724    31.252    1999.7     250.0
      32K    9    2304B      18    288K  rev    30.642    30.697    31.707    2001.5     250.2
      32K   17    4352B      34    544K  seq    30.641    30.731    31.432    1999.3     249.9
      32K   17    4352B      34    544K  rev    30.700    31.214    31.539    1968.3     246.0
      32K   33    8448B      66      1M  seq    30.651    30.738    30.988    1998.8     249.9
      32K   33    8448B      66      1M  rev    30.680    31.629    32.781    1942.5     242.8
      32K   65   16640B     128      2M  seq    30.668    31.324    31.585    1961.4     245.2
      32K   65   16640B     128      2M  rev    30.649    31.409    31.836    1956.1     244.5
      32K  129   33024B     128      4M  seq    30.700    31.152    32.173    1972.3     246.5
      32K  129   33024B     128      4M  rev    30.707    31.664    33.047    1940.4     242.5
      32K  257   65792B     128      8M  seq    32.205    32.270    32.998    1903.9     238.0
      32K  257   65792B     128      8M  rev    32.784    32.977    34.524    1863.1     232.9

     256K    1     256B      16    256K  seq    30.657    30.781    31.305    1996.0     249.5
     256K    1     256B      16    256K  rev    30.669    30.766    31.570    1997.0     249.6
     256K    3     768B      48    768K  seq    30.652    30.739    31.944    1998.8     249.8
     256K    3     768B      48    768K  rev    30.641    31.285    33.298    1963.9     245.5
     256K    5    1280B      80      1M  seq    30.674    30.736    32.288    1999.0     249.9
     256K    5    1280B      80      1M  rev    30.652    31.435    32.972    1954.5     244.3
     256K    9    2304B     144      2M  seq    30.669    30.734    31.845    1999.1     249.9
     256K    9    2304B     144      2M  rev    30.647    31.160    32.954    1971.8     246.5
     256K   17    4352B     272      4M  seq    30.641    30.723    31.845    1999.8     250.0
     256K   17    4352B     272      4M  rev    32.613    32.896    38.437    1867.7     233.5
     256K   33    8448B     528      8M  seq    30.878    30.917    31.658    1987.3     248.4
     256K   33    8448B     528      8M  rev    33.285    34.357    36.376    1788.3     223.5
     256K   65   16640B    1024     16M  seq    32.046    32.329    33.046    1900.5     237.6
     256K   65   16640B    1024     16M  rev    33.368    34.426    38.522    1784.7     223.1
     256K  129   33024B    1024     32M  seq    32.097    32.312    34.489    1901.5     237.7
     256K  129   33024B    1024     32M  rev    32.423    32.504    34.814    1890.2     236.3
     256K  257   65792B    1024     64M  seq    32.120    32.245    34.030    1905.4     238.2
     256K  257   65792B    1024     64M  rev    33.648    34.763    37.922    1767.4     220.9

       1M    1     256B      64      1M  seq    30.687    30.781    31.437    1996.2     249.5
       1M    1     256B      64      1M  rev    30.813    31.526    32.495    1949.1     243.6
       1M    3     768B     192      3M  seq    30.679    30.809    31.505    1994.4     249.3
       1M    3     768B     192      3M  rev    31.194    31.700    34.251    1938.4     242.3
       1M    5    1280B     320      5M  seq    30.660    30.807    32.230    1994.6     249.3
       1M    5    1280B     320      5M  rev    32.546    35.088    38.228    1751.2     218.9
       1M    9    2304B     576      9M  seq    30.664    30.804    31.713    1994.8     249.3
       1M    9    2304B     576      9M  rev    33.048    35.439    37.696    1733.9     216.7
       1M   17    4352B    1088     17M  seq    30.680    30.778    32.965    1996.4     249.6
       1M   17    4352B    1088     17M  rev    33.221    35.513    38.812    1730.3     216.3
       1M   33    8448B    2112     33M  seq    30.906    30.980    33.009    1983.4     247.9
       1M   33    8448B    2112     33M  rev    33.189    34.875    37.636    1761.9     220.2
       1M   65   16640B    4096     65M  seq   166.825   168.523   171.558     364.6      45.6
       1M   65   16640B    4096     65M  rev    54.641    54.927    55.251    1118.7     139.8
       1M  129   33024B    4096    129M  seq   107.664   108.846   110.200     564.5      70.6
       1M  129   33024B    4096    129M  rev    52.993    53.248    54.597    1154.0     144.2
       1M  257   65792B    4096    257M  seq    75.886    76.763    78.108     800.5     100.1
       1M  257   65792B    4096    257M  rev    54.424    54.771    55.219    1121.9     140.2

       4M    1     256B     256      4M  seq    30.727    30.758    32.164    1998.6     249.8
       4M    1     256B     256      4M  rev    34.356    36.518    38.365    1683.3     210.4
       4M    3     768B     768     12M  seq    30.702    30.779    31.376    1997.2     249.6
       4M    3     768B     768     12M  rev    36.030    36.661    39.868    1676.8     209.6
       4M    5    1280B    1280     20M  seq    30.698    30.764    31.007    1998.2     249.8
       4M    5    1280B    1280     20M  rev    34.763    35.117    35.488    1750.5     218.8
       4M    9    2304B    2304     36M  seq    30.709    30.791    32.124    1996.4     249.6
       4M    9    2304B    2304     36M  rev    34.581    34.799    36.899    1766.5     220.8
       4M   17    4352B    4352     68M  seq    62.959    64.136    68.282     958.5     119.8
       4M   17    4352B    4352     68M  rev    49.459    49.774    49.896    1235.0     154.4
       4M   33    8448B    8448    132M  seq    93.724    95.020    96.613     646.9      80.9
       4M   33    8448B    8448    132M  rev    55.677    55.955    58.067    1098.6     137.3
       4M   65   16640B   16384    260M  seq   167.723   169.595   170.594     362.5      45.3
       4M   65   16640B   16384    260M  rev    56.564    56.888    57.436    1080.6     135.1
       4M  129   33024B   16384    516M  seq   skipped (span past cap)
       4M  129   33024B   16384    516M  rev   skipped (span past cap)
       4M  257   65792B   16384   1028M  seq   skipped (span past cap)
       4M  257   65792B   16384   1028M  rev   skipped (span past cap)

  --- constant bytes, rising pages (the separation) ---
    bytes  ord     pg lo     pg hi   GF/s lo   GF/s hi
      32K  seq         2       128    1999.2    1903.9   1.050x over 64x more pages
      32K  rev         2       128    2000.7    1863.1   1.074x over 64x more pages
     256K  seq        16      1024    1996.0    1905.4   1.048x over 64x more pages
     256K  rev        16      1024    1997.0    1767.4   1.130x over 64x more pages
       1M  seq        64      4096    1996.2     800.5   2.494x over 64x more pages
       1M  rev        64      4096    1949.1    1121.9   1.737x over 64x more pages
       4M  seq       256     16384    1998.6     362.5   5.514x over 64x more pages
       4M  rev       256     16384    1683.3    1080.6   1.558x over 64x more pages

  drift (cell 0): rep0 43.354 ms, rep10 30.863 ms  (1.405x)
  CALIBRATION (32 KB, M=1, seq) = 1999.2 GF/s vs loadlevel.c's ~1990-2005 (+0.1% vs 1997)
  -> off by more than a few % means the index arithmetic is costing and the sweep is measuring THAT.
  (sink 25509753572.5)
perflock: acquired (waited 0s lock / 0s quiet) — running: ./target/tmp/s43/tlbreach 30000000 11 1000
perflock: released (exit 0)
EXIT=0
