$ clang -O3 -march=armv8-a+sme2 -o unitload unitload.c
$ benches/perflock.sh ./unitload 40000000 3 1
perflock: acquired (waited 0s lock / 0s quiet)

=== operands from a per-thread 32 KB buffer (L1-resident) ===
 threads       0 loads        1 load       2 loads       3 loads       4 loads        L4/L0 L4 slow ms
       1        2003.4        2001.8        2003.3        2002.9        2003.5       1.000x       40.9
       2        3563.0        3561.4        3559.6        3560.4        3561.6       1.000x       46.0
       3        3630.6        3633.0        3630.3        3628.8        3633.1       1.001x       67.6
       4        4136.6        4127.9        3941.1        4127.5        3870.2       0.936x       84.6
       6        4088.9        4163.9        4126.4        4161.2        4072.4       0.996x      120.6
       8        4114.1        4129.2        4102.4        4115.2        4115.0       1.000x      159.2
      10        4104.6        4156.5        4099.2        4098.4        4049.1       0.986x      202.2
      12        4139.3        4174.7        4167.1        4169.3        4185.3       1.011x      234.8
      14        4159.6        4166.1        4177.1        4182.3        4183.8       1.006x      274.0

=== operands from one shared 64 MB buffer (past L2) ===
 threads       0 loads        1 load       2 loads       3 loads       4 loads        L4/L0 L4 slow ms
       1        2001.6        1024.2         915.1         843.9         781.8       0.391x      104.7
       2        3561.7        1763.9        1646.2        1540.7        1424.1       0.400x      115.0
       3        3097.6        1876.5        1719.9        1368.4        1292.7       0.417x      190.1
       4        4135.7        2295.0        2005.4        1871.3        1779.8       0.430x      184.0
       6        4151.9        2776.1        2578.4        2198.1        2053.4       0.495x      239.3
       8        4115.2        3182.1        2978.7        2820.1        2432.3       0.591x      269.4
      10        4150.8        3233.1        3008.4        2816.1        2887.5       0.696x      283.6
      12        4188.0        3155.4        3148.6        2759.7        2824.0       0.674x      348.0
      14        4179.7        3399.1        3232.2        2925.6        2772.5       0.663x      413.6

(sink 54635379840.0)
perflock: released (exit 0)

--- assembly verification (rule 2), inner loop of each variant ---
$ clang -O3 -march=armv8-a+sme2 -S -o unitload_O3.s unitload.c
  ld0 LBB1_4: vec-loads=0  fmopa=4  insns=6
  ld1 LBB2_4: vec-loads=1  fmopa=4  insns=9
  ld2 LBB3_4: vec-loads=2  fmopa=4  insns=11
  ld3 LBB4_4: vec-loads=3  fmopa=4  insns=12
  ld4 LBB5_4: vec-loads=4  fmopa=4  insns=13
$ clang -O2 -march=armv8-a+sme2 -S -o unitload_O2.s unitload.c
  (identical counts at -O2)
