---
source: crates/flow-lower/tests/golden.rs
expression: dump
---
flowchart LR
    subgraph f0["fn f"]
        f0o0(("i32"))
        f0o1(("ret: i32"))
        f0o2(("2: i32"))
        f0o3(("(i32, i32)"))
        f0o4(("a: i32"))
        f0o0 -- "Pair 0/2" --> f0o3
        f0o2 -- "Pair 1/2" --> f0o3
        f0o3 -- "Mul" --> f0o4
        f0o4 -- "Output" --> f0o1
    end
    subgraph f1["fn main"]
        f1o0(("()"))
        f1o1(("ret: ()"))
    end
