---
source: crates/flow-syntax/tests/golden_trees.rs
expression: "render_tree(src, &out.program)"
---
1:1 Program
1:1   Fn ‹main›
1:11     Block
2:5       Stmt::Chain
2:5         Chain
2:5           head
2:5             Unit
2:8           -> Expr
2:11             Var ‹time›
2:16           -> Expr
2:19             Var ‹t0›
3:5       Stmt::Chain
3:5         Chain
3:5           head
3:5             Var ‹t0›
3:8           -> Expr
3:11             Var ‹println›
