---
source: crates/flow-syntax/tests/golden_trees.rs
assertion_line: 24
expression: rendered
---
21:1 Program
21:1   Fn ‹fir4›
21:9     Param ‹signal›
21:17       Ty::Array len=8
21:18         Ty::Named ‹f32›
21:27     Param ‹coeffs›
21:35       Ty::Array len=4
21:36         Ty::Named ‹f32›
21:48     ret_ty
21:48       Ty::Named ‹f32›
21:52     Block
22:5       Stmt::Bind mut ‹k›
22:12         Ty::Named ‹i32›
22:23         Int 0 ‹0›
23:5       Stmt::Bind mut ‹acc›
23:14         Ty::Named ‹f32›
23:23         Float ‹0.0›
25:5       Stmt::Loop loop
25:10         Block
26:9           tail
26:9             Chain
26:9               head
26:9                 Binary <
26:10                   Var ‹k›
26:14                   Int 4 ‹4›
26:17               -> Guard
27:13                 arm ‹-true->› (true)
27:21                   Block
28:17                     Stmt::Chain
28:17                       Chain
28:17                         head
28:17                           Binary +
28:17                             Var ‹acc›
28:23                             Binary *
28:23                               Index
28:23                                 Var ‹coeffs›
28:30                                 Var ‹k›
28:35                               Index
28:35                                 Var ‹signal›
28:42                                 Binary +
28:42                                   Int 4 ‹4›
28:46                                   Var ‹k›
28:49                         -> Expr
28:52                           Var ‹acc›
29:17                     Stmt::Chain
29:17                       Chain
29:17                         head
29:17                           Binary +
29:17                             Var ‹k›
29:21                             Int 1 ‹1›
29:23                         -> Expr
29:26                           Var ‹k›
30:17                     Stmt::Chain
30:17                       Chain
30:17                         -> LoopJump
32:13                 arm ‹-false->› (false)
32:22                   Chain
32:22                     head
32:22                       Var ‹acc›
32:26                     -> Ret
37:1   Fn ‹main›
37:11     Block
38:5       Stmt::Chain
38:5         Chain
38:5           head
38:5             Array (8)
38:6               Float ‹1.0›
38:11               Float ‹2.0›
38:16               Float ‹3.0›
38:21               Float ‹4.0›
38:26               Float ‹5.0›
38:31               Float ‹6.0›
38:36               Float ‹7.0›
38:41               Float ‹8.0›
38:46           -> Bind ‹signal›
38:57             Ty::Array len=8
38:58               Ty::Named ‹f32›
39:5       Stmt::Chain
39:5         Chain
39:5           head
39:5             Array (4)
39:6               Float ‹0.5›
39:11               Float ‹0.25›
39:17               Float ‹0.125›
39:24               Float ‹0.0625›
39:46           -> Bind ‹coeffs›
39:57             Ty::Array len=4
39:58               Ty::Named ‹f32›
41:5       Stmt::Chain
41:5         Chain
41:5           head
41:5             Tuple (2)
41:6               Var ‹signal›
41:14               Var ‹coeffs›
41:22           -> Expr
41:25             Var ‹fir4›
41:30           -> Expr
41:33             Var ‹sample›
42:5       Stmt::Chain
42:5         Chain
42:5           head
42:5             Var ‹sample›
42:12           -> Expr
42:15             Var ‹println›
