###### i9-14900F matmul f32 (min median), min-of-5
size   leg                     min     median
512    flow-fma-1t      1.7750 1.7940
512    flow-conf-1t     2.1285 2.1943
512    flow-fma-par     0.2455 0.2688
512    flow-fma-1tPRE   1.9819 1.9977
512    cpp-1t           53.6705 56.1423
512    cpp-mt           5.9258 6.1899
512    rust-1t          62.1202 62.6393
512    rust-mt          5.7949 6.3286
512    numpy-1t         1.5921 1.6711
512    numpy-thread     0.2100 0.2176
1024   flow-fma-1t      14.7250 14.8901
1024   flow-conf-1t     19.3965 19.4434
1024   flow-fma-par     1.4258 1.5161
1024   flow-fma-1tPRE   15.2878 15.3674
1024   cpp-1t           2263.4782 2272.0254
1024   cpp-mt           78.8165 85.9138
1024   rust-1t          2132.8912 2146.0353
1024   rust-mt          85.0016 86.4488
1024   numpy-1t         12.2239 12.2803
1024   numpy-thread     1.5046 1.5085
2048   flow-fma-1t      117.5013 119.8397
2048   flow-conf-1t     134.6011 137.6977
2048   flow-fma-par     12.5001 13.0022
2048   flow-fma-1tPRE   118.9342 122.6859
2048   cpp-1t           17412.0999 17643.7576
2048   cpp-mt           1040.4458 1054.6854
2048   rust-1t          16228.1320 16308.0600
2048   rust-mt          1030.6568 1076.1128
2048   numpy-1t         99.5297 99.7632
2048   numpy-thread     13.9840 14.0387
4096   flow-fma-1t      940.4718 944.8149
4096   flow-conf-1t     1082.2709 1088.4296
4096   flow-fma-par     103.7366 106.1722
4096   flow-fma-1tPRE   943.5674 946.5953
Terminated                 taskset -c 2 ./$bin "$@"
