== matmul A/B (compute-only, min-of-3) ==
clang:  Homebrew clang version 22.1.8
rustc:  rustc 1.95.0 (59807616e 2026-04-14)
python: Python 3.14.5
sizes:  512 1024 2048 4096

size   width leg                    min ms
------ ----- ---------------- ------------
512    f32   flow-conf-par        0.909875
512    f32   flow-fma-par     0.40729100000000007
512    f32   flow-conf-1t         3.920792
512    f32   flow-fma-1t          2.176625
512    f32   cpp-1t                87.1834
512    f32   cpp-mt                12.1868
512    f32   rust-1t               78.3175
512    f32   rust-mt               10.9765
512    f32   numpy-1t                 0.16
512    f32   numpy-threaded         0.1075
512    f64   flow-conf-par           1.008
512    f64   flow-fma-par         0.855875
512    f64   flow-conf-1t     7.815667000000001
512    f64   flow-fma-1t          4.401375
512    f64   cpp-1t                99.5727
512    f64   cpp-mt                16.6813
512    f64   rust-1t               78.4239
512    f64   rust-mt               10.7023
1024   f32   flow-conf-par    3.6177919999999997
1024   f32   flow-fma-par     2.2280830000000003
1024   f32   flow-conf-1t     30.704166999999998
1024   f32   flow-fma-1t         17.544875
1024   f32   cpp-1t               824.4853
1024   f32   cpp-mt               139.7102
1024   f32   rust-1t              808.0643
1024   f32   rust-mt              132.5283
1024   f32   numpy-1t               1.2977
1024   f32   numpy-threaded         0.6757
1024   f64   flow-conf-par        7.262375
1024   f64   flow-fma-par         4.499208
1024   f64   flow-conf-1t     61.647082999999995
1024   f64   flow-fma-1t         35.278083
1024   f64   cpp-1t               843.6171
1024   f64   cpp-mt                146.241
1024   f64   rust-1t              810.9069
1024   f64   rust-mt              136.1147
2048   f32   flow-conf-par       28.397292
2048   f32   flow-fma-par          18.4645
2048   f32   flow-conf-1t       263.913375
2048   f32   flow-fma-1t        152.067917
2048   f32   cpp-1t              9812.2927
2048   f32   cpp-mt              1355.4404
2048   f32   rust-1t             10294.893
2048   f32   rust-mt              1424.802
2048   f32   numpy-1t               10.529
2048   f32   numpy-threaded         5.3045
2048   f64   flow-conf-par    58.902666999999994
2048   f64   flow-fma-par     38.758416000000004
2048   f64   flow-conf-1t       558.410625
2048   f64   flow-fma-1t      320.93712500000004
2048   f64   cpp-1t             17025.8201
2048   f64   cpp-mt              3287.9118
2048   f64   rust-1t            10438.4119
2048   f64   rust-mt             1402.4785
4096   f32   flow-conf-par      226.111291
4096   f32   flow-fma-par     151.24120899999997
4096   f32   flow-conf-1t     2203.4658329999997
4096   f32   flow-fma-1t       1256.292167
4096   f32   cpp-1t            199667.4312
4096   f32   cpp-mt             33064.7949
4096   f32   rust-1t           210136.8989
4096   f32   rust-mt            33547.7144
4096   f32   numpy-1t              84.6165
4096   f32   numpy-threaded        44.1426
4096   f64   flow-conf-par        448.6725
4096   f64   flow-fma-par       294.020292
4096   f64   flow-conf-1t      4466.235334
4096   f64   flow-fma-1t       2537.005458
4096   f64   cpp-1t            195016.4184
4096   f64   cpp-mt             34005.5872
4096   f64   rust-1t           213172.4878
4096   f64   rust-mt            33630.6535
