---
source: crates/mapal-syntax/tests/golden_trees.rs
expression: rendered
---
10:1 Program
10:1   Fn ‹main›
10:11     Block
11:5       Stmt::Chain
11:5         Chain
11:5           head
11:5             Array (16)
11:6               Int 0 ‹0›
11:9               Int 1 ‹1›
11:12               Int 2 ‹2›
11:15               Int 3 ‹3›
11:18               Int 4 ‹4›
11:21               Int 5 ‹5›
11:24               Int 6 ‹6›
11:27               Int 7 ‹7›
11:30               Int 8 ‹8›
11:33               Int 9 ‹9›
11:36               Int 10 ‹10›
11:40               Int 11 ‹11›
11:44               Int 12 ‹12›
11:48               Int 13 ‹13›
11:52               Int 14 ‹14›
11:56               Int 15 ‹15›
11:63           -> Bind ‹a›
11:69             Ty::Array len=16
11:70               Ty::Named ‹i32›
12:5       Stmt::Chain
12:5         Chain
12:5           head
12:5             Array (16)
12:6               Int 100 ‹100›
12:11               Int 100 ‹100›
12:16               Int 100 ‹100›
12:21               Int 100 ‹100›
12:26               Int 100 ‹100›
12:31               Int 100 ‹100›
12:36               Int 100 ‹100›
12:41               Int 100 ‹100›
13:6               Int 100 ‹100›
13:11               Int 100 ‹100›
13:16               Int 100 ‹100›
13:21               Int 100 ‹100›
13:26               Int 100 ‹100›
13:31               Int 100 ‹100›
13:36               Int 100 ‹100›
13:41               Int 100 ‹100›
13:63           -> Bind ‹b›
13:69             Ty::Array len=16
13:70               Ty::Named ‹i32›
17:5       Stmt::Chain
17:5         Chain
17:5           head
17:5             Tuple (2)
17:6               Var ‹a›
17:9               Var ‹b›
17:12           -> Expr
17:15             Var ‹zip›
17:19           -> map [‹p›]
17:26             Block
17:33               tail
17:33                 Chain
17:33                   head
17:33                     Binary +
17:33                       Member .0
17:33                         Var ‹p›
17:39                       Member .1
17:39                         Var ‹p›
17:45           -> Bind ‹c›
17:51             Ty::Array len=16
17:52               Ty::Named ‹i32›
19:5       Stmt::Chain
19:5         Chain
19:5           head
19:5             Str ‹"c[0]  = "›
19:16           -> Expr
19:19             Var ‹print›
19:28       Stmt::Chain
19:28         Chain
19:28           head
19:28             Index
19:28               Var ‹c›
19:30               Int 0 ‹0›
19:34           -> Expr
19:37             Var ‹println›
20:5       Stmt::Chain
20:5         Chain
20:5           head
20:5             Str ‹"c[15] = "›
20:16           -> Expr
20:19             Var ‹print›
20:28       Stmt::Chain
20:28         Chain
20:28           head
20:28             Index
20:28               Var ‹c›
20:30               Int 15 ‹15›
20:34           -> Expr
20:37             Var ‹println›
24:5       Stmt::Chain
24:5         Chain
24:5           head
24:5             Var ‹a›
24:7           -> Expr
24:10             Var ‹enumerate›
24:20           -> map [‹p›]
24:27             Block
24:34               tail
24:34                 Chain
24:34                   head
24:34                     Binary +
24:34                       Member .0
24:34                         Var ‹p›
24:40                       Member .1
24:40                         Var ‹p›
24:46           -> Bind ‹e›
24:52             Ty::Array len=16
24:53               Ty::Named ‹i32›
26:5       Stmt::Chain
26:5         Chain
26:5           head
26:5             Str ‹"e[0]  = "›
26:16           -> Expr
26:19             Var ‹print›
26:28       Stmt::Chain
26:28         Chain
26:28           head
26:28             Index
26:28               Var ‹e›
26:30               Int 0 ‹0›
26:34           -> Expr
26:37             Var ‹println›
27:5       Stmt::Chain
27:5         Chain
27:5           head
27:5             Str ‹"e[15] = "›
27:16           -> Expr
27:19             Var ‹print›
27:28       Stmt::Chain
27:28         Chain
27:28           head
27:28             Index
27:28               Var ‹e›
27:30               Int 15 ‹15›
27:34           -> Expr
27:37             Var ‹println›
