---
source: crates/mapal-syntax/tests/out_of_core.rs
expression: "render_diagnostics(&src, &out.diagnostics)"
---
P0102 303..304 6:1 annotations (`@…`) are out of Mapal-Core (HANDOFF §4); planned for Core+1
P0111 409..417 12:1 `executor` declarations are out of Mapal-Core (HANDOFF §4); planned for post-M5
P0112 474..477 17:1 `pub` is out of Mapal-Core (HANDOFF §4); planned for post-M5
P0103 564..576 20:13 generic type arguments are out of Mapal-Core (HANDOFF §4); planned for Core+1
P0104 581..586 20:30 dynamic array / slice types (`[T]`) are out of Mapal-Core (HANDOFF §4); planned for Core+1
P0105 700..718 27:5 enum/coproduct variants in a `type` body are out of Mapal-Core (HANDOFF §4); planned for Core+1 coproducts
P0101 802..803 32:11 the `?` operator is out of Mapal-Core (HANDOFF §4); planned for Core+1 error handling
P0101 808..809 32:17 the `?` operator is out of Mapal-Core (HANDOFF §4); planned for Core+1 error handling
P0108 848..857 34:5 call expressions are out of Mapal-Core (HANDOFF §4); use a tuple-input flow: `(args) -> f`
P0109 907..909 36:17 `::` paths are out of Mapal-Core (HANDOFF §4); planned for Core+1 modules
P0107 988..995 38:12 rest elements (`...tail`) in array literals are out of Mapal-Core (HANDOFF §4); planned for Core+1 slices
P0113 1064..1068 40:10 `void` is out of Mapal-Core (HANDOFF §4); planned for Core+1
P0113 1087..1091 41:5 `void` is out of Mapal-Core (HANDOFF §4); planned for Core+1
P0114 1159..1165 43:14 `filter` is out of Mapal-Core (HANDOFF §4): only `map`/`fold` are Core collection operators. Planned for Core+1
P0116 1263..1264 45:20 destructuring op-block parameters (`(x, y)`) are out of Mapal-Core (HANDOFF §4); planned for Core+1
P0115 1356..1373 47:10 anonymous block stage (`-> { … }` with statements/tail) is out of Mapal-Core (HANDOFF §4); user-guide §8.3 full-language form. Planned for Core+1
P0106 1450..1460 50:9 pattern guard arms (`-Some(x)->`, `-[h, ...t]->`) are out of Mapal-Core (HANDOFF §4); planned for Core+1 coproducts
P0106 1472..1479 51:9 pattern guard arms (`-Some(x)->`, `-[h, ...t]->`) are out of Mapal-Core (HANDOFF §4); planned for Core+1 coproducts
P0110 1663..1669 55:5 labeled blocks are written `:search { … }` (ADR-0012) and are out of Mapal-Core (HANDOFF §4); Mapal-Core's only loop introducer is `loop`. Planned for Core+1
P0110 1781..1789 59:5 labeled blocks (`:label { … }`, ADR-0012) are out of Mapal-Core (HANDOFF §4); Mapal-Core's only loop introducer is `loop`. Planned for Core+1
P0110 1808..1816 60:17 labeled jumps (`-> :label`, ADR-0012) are out of Mapal-Core (HANDOFF §4); Mapal-Core's only back-edge jump is `-> loop`. Planned for Core+1
