== S36 box run (post, /home/lesscomplex/s36bench) ==
Linux 7.1.3-arch1-2 x86_64
32
model name	: Intel(R) Core(TM) i9-14900F
gcc (GCC) 16.1.1 20260625
 22:13:20 up  1:03,  2 users,  load average: 0.56, 0.39, 0.18
RUNS=100
-- link mapal legs

-- mapal legs (all samples kept)
conv2d_512 mapal-1t        min=    0.0619  median=    0.3499  max=    0.8801  n=100  sub0.01=0
conv2d_512 mapal-par       min=    0.1163  median=    0.1870  max=    0.4942  n=100  sub0.01=0
fir_65536 mapal-1t         min=    0.4038  median=    0.5687  max=    1.4548  n=100  sub0.01=0
fir_65536 mapal-par        min=    0.1525  median=    0.2269  max=    0.5624  n=100  sub0.01=0
gather_1048576 mapal-1t    min=    2.0507  median=    7.3852  max=   11.7897  n=100  sub0.01=0
gather_1048576 mapal-par   min=    0.7141  median=    0.8412  max=    1.1117  n=100  sub0.01=0
matmul1024_f32 mapal-1t    min=   16.6064  median=   20.0900  max=   32.6589  n=100  sub0.01=0
matmul1024_f32 mapal-par   min=    2.1107  median=    8.4731  max=   11.3071  n=100  sub0.01=0
reduce_1048576 mapal-1t    min=    0.4841  median=    1.8259  max=    3.9853  n=100  sub0.01=0
reduce_1048576 mapal-par   min=    0.7472  median=    1.9918  max=    4.0685  n=100  sub0.01=0
saxpy_1048576 mapal-1t     min=    0.5412  median=    1.6380  max=    3.2078  n=100  sub0.01=0
saxpy_1048576 mapal-par    min=    0.2805  median=    0.7746  max=    0.9639  n=100  sub0.01=0
transpose_1024 mapal-1t    min=    1.5598  median=   10.1216  max=   14.6548  n=100  sub0.01=0
transpose_1024 mapal-par   min=    0.4151  median=    0.9934  max=    1.4379  n=100  sub0.01=0

-- baselines
saxpy cpp-1t               min=    0.1661  median=    0.1749  max=    1.0312  n=100  sub0.01=0
saxpy cpp-mt               min=    0.2234  median=    0.2458  max=    0.4584  n=100  sub0.01=0
saxpy numpy                min=    0.4761  median=    0.4782  max=    0.5393  n=100  sub0.01=0
reduce cpp-1t              min=    0.3821  median=    0.3822  max=    0.7428  n=100  sub0.01=0
reduce cpp-mt              min=    4.8802  median=    5.2912  max=    9.4198  n=100  sub0.01=0
reduce numpy               min=    0.1538  median=    0.1556  max=    0.1776  n=100  sub0.01=0
transpose cpp-1t           min=    2.0852  median=    2.1387  max=    2.3352  n=100  sub0.01=0
transpose cpp-mt           min=    0.2802  median=    0.2951  max=    0.7289  n=100  sub0.01=0
transpose numpy            min=    1.9937  median=    2.0771  max=    2.3479  n=100  sub0.01=0
gather cpp-1t              min=    0.6811  median=    0.7303  max=    1.3647  n=100  sub0.01=0
gather cpp-mt              min=    0.2499  median=    0.4647  max=    1.3341  n=100  sub0.01=0
gather numpy               min=    1.0835  median=    1.6673  max=    1.8795  n=100  sub0.01=0
fir cpp-1t                 min=    0.7721  median=    0.7745  max=    1.0543  n=100  sub0.01=0
fir cpp-mt                 min=    0.2588  median=    0.2783  max=    1.0702  n=100  sub0.01=0
fir numpy-1t               min=    0.5394  median=    0.5593  max=    0.5883  n=100  sub0.01=0
conv2d cpp-1t              min=    0.1109  median=    0.1110  max=    0.1131  n=100  sub0.01=0
conv2d cpp-mt              min=    0.3612  median=    0.4090  max=    0.6043  n=100  sub0.01=0
conv2d numpy-1t            min=    0.5704  median=    0.8552  max=    0.9003  n=100  sub0.01=0

-- cleanliness
 22:13:38 up  1:03,  2 users,  load average: 0.75, 0.45, 0.20
%CPU COMMAND
 1.0 nordvpnd
 0.1 tailscaled
 0.1 containerd
BOX DONE (post)
