== per-language comparison (post-fix) ==
Linux 7.1.3-arch1-2 x86_64
g++ (GCC) 16.1.1 20260625
rustc 1.90.0 (1159e78c4 2025-09-14)
numpy 2.3.5
RUNS=30  ladder N=1048576 side=1024  fir=65536 conv2d=512 matmul=1024

-- build baselines
shape      leg              min ms     median
---------- ------------ ---------- ----------
saxpy      mapal-1t         0.7265     1.1671
saxpy      mapal-par        0.2448     0.3626
saxpy      cpp-1t           0.1659     0.2152
saxpy      cpp-mt           0.2161     0.2399
saxpy      rust-1t          0.1624     0.2120
saxpy      rust-mt          0.1433     0.1662
saxpy      numpy            0.4462     0.4482

reduce     mapal-1t         0.3668     0.3943
reduce     mapal-par        0.6774     1.9799
reduce     cpp-1t           0.3821     0.6156
reduce     cpp-mt           5.0767     5.3022
reduce     rust-1t          0.3821     0.3822
reduce     rust-mt          0.1268     0.1410
reduce     numpy            0.1519     0.1536

transpose  mapal-1t         2.5268     2.8742
transpose  mapal-par        0.3372     0.6020
transpose  cpp-1t           2.2621     2.2642
transpose  cpp-mt           0.3493     0.3663
transpose  rust-1t          2.4351     2.4564
transpose  rust-mt          0.2905     0.3081
transpose  numpy            2.0833     2.0846

gather     mapal-1t         1.9177     3.4373
gather     mapal-par        0.4556     0.6873
gather     cpp-1t           0.7358     0.7399
gather     cpp-mt           0.2192     0.2324
gather     rust-1t          0.8675     0.8741
gather     rust-mt          0.1914     0.2071
gather     numpy            1.5283     1.5541

fir        mapal-1t         0.1030     0.1087
fir        mapal-par        0.0222     0.0318
fir        cpp-1t           0.7725     1.4393
fir        cpp-mt           0.2135     0.2373
fir        rust-1t          1.5421     1.5451
fir        rust-mt          0.2563     0.2726
fir        numpy            0.5790     0.5910

conv2d     mapal-1t         0.0482     0.0559
conv2d     mapal-par        0.0225     0.0261
conv2d     cpp-1t           0.0642     0.0720
conv2d     cpp-mt           0.2530     0.3492
conv2d     rust-1t          0.6731     0.8608
conv2d     rust-mt          0.1473     0.1578
conv2d     numpy            0.6588     0.6625

matmul1024 mapal-1t        17.4225    17.7449
matmul1024 mapal-par        3.0924     3.2159
matmul1024 cpp-1t        2469.1181  2469.1181
matmul1024 cpp-mt         113.6188   113.6188
matmul1024 rust-1t       2153.6763  2153.6763
matmul1024 rust-mt        151.4451   151.4451
matmul1024 numpy-1t        12.2196    12.2196
matmul1024 numpy-mt         1.7411     1.7411
COMPARISON DONE
