== S36 mac run (post) ==
Darwin 25.3.0 arm64
Apple M4 Pro
Homebrew clang version 22.1.8
RUNS=100
-- link mapal legs

-- mapal legs (all samples kept)
conv2d_512 mapal-1t        min=    0.0672  median=    0.0688  max=    0.1458  n=100  sub0.01=0
conv2d_512 mapal-par       min=    0.0327  median=    0.0619  max=    0.1317  n=100  sub0.01=0
fir_65536 mapal-1t         min=    0.1202  median=    0.1228  max=    0.2311  n=100  sub0.01=0
fir_65536 mapal-par        min=    0.0390  median=    0.0674  max=    0.1055  n=100  sub0.01=0
gather_1048576 mapal-1t    min=    0.4509  median=    0.4613  max=    0.8605  n=100  sub0.01=0
gather_1048576 mapal-par   min=    0.1250  median=    0.1521  max=    0.1964  n=100  sub0.01=0
matmul1024_f32 mapal-1t    min=   30.6380  median=   31.0080  max=   43.1538  n=100  sub0.01=0
matmul1024_f32 mapal-par   min=    3.5868  median=    3.6270  max=    4.8412  n=100  sub0.01=0
reduce_1048576 mapal-1t    min=    0.4973  median=    0.5006  max=    0.9544  n=100  sub0.01=0
reduce_1048576 mapal-par   min=    0.5133  median=    0.5433  max=    0.6171  n=100  sub0.01=0
saxpy_1048576 mapal-1t     min=    0.4701  median=    0.4732  max=    0.8114  n=100  sub0.01=0
saxpy_1048576 mapal-par    min=    0.1487  median=    0.1780  max=    0.2542  n=100  sub0.01=0
transpose_1024 mapal-1t    min=    0.8235  median=    0.8590  max=    1.6289  n=100  sub0.01=0
transpose_1024 mapal-par   min=    0.2145  median=    0.2482  max=    0.3732  n=100  sub0.01=0
MAC DONE (post)
