---
source: crates/flow-rewrite/tests/golden.rs
expression: res.ir.to_mermaid()
---
flowchart LR
    subgraph f0["fn main"]
        f0o0(("io"))
        f0o1(("ret: io"))
        f0o2(("10: i32"))
        f0o3(("#quot;f(10) = #quot;: str"))
        f0o4(("2: i32"))
        f0o5(("5: i32"))
        f0o6(("20: i32"))
        f0o7(("(io, str)"))
        f0o8(("io"))
        f0o9(("25: i32"))
        f0o10(("(io, i32)"))
        f0o11(("io"))
        f0o0 -- "Pair 0/2" --> f0o7
        f0o3 -- "Pair 1/2" --> f0o7
        f0o7 -- "Print" --> f0o8
        f0o8 -- "Pair 0/2" --> f0o10
        f0o9 -- "Pair 1/2" --> f0o10
        f0o10 -- "Println" --> f0o11
        f0o11 -- "Output" --> f0o1
    end
