pre 0.648406982421875 post 0.67339396476745605
pre 0.66469502449035645 post 0.67280006408691406
pre 0.65710616111755371 post 0.6514279842376709
pre 0.65645694732666016 post 0.6904299259185791
pre 0.63669896125793457 post 0.64997696876525879
pre 0.6525421142578125 post 0.6649470329284668
pre 0.64273190498352051 post 0.66387796401977539
pre 0.66242599487304688 post 0.66681313514709473
pre 0.66828513145446777 post 0.66825389862060547
pre 0.66969799995422363 post 0.67453789710998535
pre 0.67235302925109863 post 0.66878199577331543
pre 0.66819190979003906 post 0.6883690357208252
pre 0.64756298065185547 post 0.67111015319824219
pre 0.66791486740112305 post 0.65401101112365723
pre 0.66057300567626953 post 0.64943909645080566
pre 0.65854907035827637 post 0.66550302505493164
pre 0.65273189544677734 post 0.65863490104675293
pre 0.66562414169311523 post 0.65250706672668457
pre 0.63588595390319824 post 0.66573500633239746
pre 0.65981698036193848 post 0.65306997299194336
pre 0.65611004829406738 post 0.66102790832519531
pre 0.64484500885009766 post 0.64840912818908691
pre 0.64230108261108398 post 0.6497809886932373
pre 0.63886904716491699 post 0.64922404289245605
pre 0.64611005783081055 post 0.65653204917907715
pre 0.64445614814758301 post 0.65476393699645996
pre 0.65051412582397461 post 0.66785287857055664
pre 0.64432001113891602 post 0.66498088836669922
pre 0.65101218223571777 post 0.66431307792663574
pre 0.64470887184143066 post 0.66103196144104004
pre 0.67502093315124512 post 0.6616971492767334
pre 0.63761615753173828 post 0.65739607810974121
pre 0.6548759937286377 post 0.6771090030670166
pre 0.65313100814819336 post 0.6536250114440918
pre 0.65895485877990723 post 0.65260004997253418
pre 0.64436197280883789 post 0.66226911544799805
pre 0.64200186729431152 post 0.65074896812438965
pre 0.64183282852172852 post 0.64959096908569336
pre 0.65025091171264648 post 0.64912104606628418
pre 0.6405949592590332 post 0.65622186660766602
pre 0.6662139892578125 post 0.66557002067565918
pre 0.64663815498352051 post 0.66474485397338867
pre 0.6485750675201416 post 0.66259002685546875
pre 0.63905096054077148 post 0.69038486480712891
pre 0.65209794044494629 post 0.66214585304260254
pre 0.64965295791625977 post 0.66234898567199707
pre 0.65089201927185059 post 0.67280817031860352
pre 0.64844703674316406 post 0.66986799240112305
pre 0.6558070182800293 post 0.66554403305053711
pre 0.65561318397521973 post 0.66317391395568848
pre 0.65114402770996094 post 0.65685701370239258
