pre 0.65551090240478516 post 0.76476502418518066
pre 0.67588996887207031 post 0.77302980422973633
pre 0.66921401023864746 post 0.77444195747375488
pre 0.66721105575561523 post 0.7738339900970459
pre 0.6700589656829834 post 0.80030512809753418
pre 0.68405318260192871 post 0.77235293388366699
pre 0.69095897674560547 post 0.80945920944213867
pre 0.67312216758728027 post 0.78334593772888184
pre 0.66893315315246582 post 0.80261111259460449
pre 0.70603704452514648 post 0.76875996589660645
pre 0.67391300201416016 post 0.80012202262878418
pre 0.70273685455322266 post 0.76294684410095215
pre 0.66319799423217773 post 0.77393507957458496
pre 0.66524219512939453 post 0.81316590309143066
pre 0.68080782890319824 post 0.77878999710083008
pre 0.67373180389404297 post 0.76694202423095703
pre 0.6507420539855957 post 0.76662802696228027
pre 0.67244720458984375 post 0.80133700370788574
pre 0.6801300048828125 post 0.76824283599853516
pre 0.65070891380310059 post 0.76756906509399414
pre 0.66213512420654297 post 0.7719261646270752
pre 0.65658998489379883 post 0.7654881477355957
pre 0.67369699478149414 post 0.79258084297180176
pre 0.66747808456420898 post 0.75646400451660156
pre 0.65704703330993652 post 0.76267886161804199
pre 0.65882301330566406 post 0.76051092147827148
pre 0.66168212890625 post 0.77589917182922363
pre 0.6584479808807373 post 0.76804184913635254
pre 0.66066598892211914 post 0.76009607315063477
pre 0.65127706527709961 post 0.77850103378295898
pre 0.6586449146270752 post 0.79097914695739746
pre 0.66289401054382324 post 0.76012206077575684
pre 0.66704201698303223 post 0.77214217185974121
pre 0.65759801864624023 post 0.77327990531921387
pre 0.67967677116394043 post 0.77129006385803223
pre 0.644866943359375 post 0.76193118095397949
pre 0.65413093566894531 post 0.77311396598815918
pre 0.65552711486816406 post 0.7763819694519043
pre 0.64224410057067871 post 0.75173807144165039
pre 0.66285204887390137 post 0.76678800582885742
pre 0.6589508056640625 post 0.76688909530639648
pre 0.70767903327941895 post 0.77908182144165039
pre 0.67472004890441895 post 0.7803339958190918
pre 0.66712093353271484 post 0.77072906494140625
pre 0.65972781181335449 post 0.75999999046325684
pre 0.64691996574401855 post 0.75838494300842285
pre 0.66274499893188477 post 0.7581479549407959
pre 0.66566300392150879 post 0.77227616310119629
pre 0.66996598243713379 post 0.78661894798278809
pre 0.65202808380126953 post 0.76325702667236328
pre 0.65346884727478027 post 0.77935099601745605
